{"model": "Zero", "seed": -1, "sequence": "V103", "condition": "nominal", "n": 1441, "before_m": 1.5456363468339769, "after_m": 1.5456363468339769, "gain_pct": 0.0, "r2": -0.0006034173947591093}
{"model": "Zero", "seed": -1, "sequence": "V103", "condition": "drop25", "n": 1070, "before_m": 1.5773261554083033, "after_m": 1.5773261554083033, "gain_pct": 0.0, "r2": -0.0012074392618870444}
{"model": "Zero", "seed": -1, "sequence": "V103", "condition": "drop50", "n": 694, "before_m": 1.5699103046353353, "after_m": 1.5699103046353353, "gain_pct": 0.0, "r2": -0.0007774621736695853}
{"model": "Zero", "seed": -1, "sequence": "V202", "condition": "nominal", "n": 1795, "before_m": 0.015648287035141577, "after_m": 0.015648287035141577, "gain_pct": 0.0, "r2": -0.003327374662930982}
{"model": "Zero", "seed": -1, "sequence": "V202", "condition": "drop25", "n": 1342, "before_m": 0.015604578756126015, "after_m": 0.015604578756126015, "gain_pct": 0.0, "r2": -0.0051480153390199845}
{"model": "Zero", "seed": -1, "sequence": "V202", "condition": "drop50", "n": 869, "before_m": 0.014595693825546548, "after_m": 0.014595693825546548, "gain_pct": 0.0, "r2": -0.0009136091113721712}
{"model": "Mean", "seed": -1, "sequence": "V103", "condition": "nominal", "n": 1441, "before_m": 1.5456363468339769, "after_m": 1.5456657271168768, "gain_pct": -0.0019008535196540777, "r2": -0.0006414577668560906}
{"model": "Mean", "seed": -1, "sequence": "V103", "condition": "drop25", "n": 1070, "before_m": 1.5773261554083033, "after_m": 1.577473007664138, "gain_pct": -0.009310202289558589, "r2": -0.0013938768162060633}
{"model": "Mean", "seed": -1, "sequence": "V103", "condition": "drop50", "n": 694, "before_m": 1.5699103046353353, "after_m": 1.5701093526204137, "gain_pct": -0.012678939968147063, "r2": -0.001031254209007182}
{"model": "Mean", "seed": -1, "sequence": "V202", "condition": "nominal", "n": 1795, "before_m": 0.015648287035141577, "after_m": 0.016809590244926752, "gain_pct": -7.421280087572657, "r2": -0.15777270946323352}
{"model": "Mean", "seed": -1, "sequence": "V202", "condition": "drop25", "n": 1342, "before_m": 0.015604578756126015, "after_m": 0.016760696430799568, "gain_pct": -7.408836167523503, "r2": -0.1596048979654101}
{"model": "Mean", "seed": -1, "sequence": "V202", "condition": "drop50", "n": 869, "before_m": 0.014595693825546548, "after_m": 0.0160694044095963, "gain_pct": -10.096886120414128, "r2": -0.2132398485764342}
{"model": "Ridge", "seed": -1, "sequence": "V103", "condition": "nominal", "n": 1441, "before_m": 1.5456363468339769, "after_m": 1.5143454048328568, "gain_pct": 2.024469860922673, "r2": 0.03950031669919596, "alpha": 10}
{"model": "Ridge", "seed": -1, "sequence": "V103", "condition": "drop25", "n": 1070, "before_m": 1.5773261554083033, "after_m": 1.5523767201322196, "gain_pct": 1.581754996614848, "r2": 0.030215361150061293, "alpha": 10}
{"model": "Ridge", "seed": -1, "sequence": "V103", "condition": "drop50", "n": 694, "before_m": 1.5699103046353353, "after_m": 1.555994644989613, "gain_pct": 0.8863983887891447, "r2": 0.016885657130743637, "alpha": 10}
{"model": "Ridge", "seed": -1, "sequence": "V202", "condition": "nominal", "n": 1795, "before_m": 0.015648287035141577, "after_m": 0.02470416603746753, "gain_pct": -57.87137583806481, "r2": -1.5006300703211908, "alpha": 10}
{"model": "Ridge", "seed": -1, "sequence": "V202", "condition": "drop25", "n": 1342, "before_m": 0.015604578756126015, "after_m": 0.02634447737309172, "gain_pct": -68.82530303965721, "r2": -1.8648711591832807, "alpha": 10}
{"model": "Ridge", "seed": -1, "sequence": "V202", "condition": "drop50", "n": 869, "before_m": 0.014595693825546548, "after_m": 0.02909459945493499, "gain_pct": -99.33687156420959, "r2": -2.9771490795138558, "alpha": 10}
PROGRESS DenseCfC_fixed seed=0 epoch=10 val=2.354851
{"model": "DenseCfC_fixed", "seed": 0, "sequence": "V103", "condition": "nominal", "n": 1441, "before_m": 1.5456363468339769, "after_m": 1.5461608335487167, "gain_pct": -0.0339333838657474, "r2": -0.0012826098088918325, "best_epoch": 1, "epochs": 11, "seconds": 8.638102769851685, "parameters": 22211}
{"model": "DenseCfC_fixed", "seed": 0, "sequence": "V103", "condition": "drop25", "n": 1070, "before_m": 1.5773261554083033, "after_m": 1.5779245840779998, "gain_pct": -0.037939437423561984, "r2": -0.001967288315574134, "best_epoch": 1, "epochs": 11, "seconds": 8.638102769851685, "parameters": 22211}
{"model": "DenseCfC_fixed", "seed": 0, "sequence": "V103", "condition": "drop50", "n": 694, "before_m": 1.5699103046353353, "after_m": 1.5701425084784097, "gain_pct": -0.014790898714966971, "r2": -0.0010735320293315809, "best_epoch": 1, "epochs": 11, "seconds": 8.638102769851685, "parameters": 22211}
{"model": "DenseCfC_fixed", "seed": 0, "sequence": "V202", "condition": "nominal", "n": 1795, "before_m": 0.015648287035141577, "after_m": 0.020864101014738703, "gain_pct": -33.33153314406809, "r2": -0.7836449460591732, "best_epoch": 1, "epochs": 11, "seconds": 8.638102769851685, "parameters": 22211}
{"model": "DenseCfC_fixed", "seed": 0, "sequence": "V202", "condition": "drop25", "n": 1342, "before_m": 0.015604578756126015, "after_m": 0.020713714061990157, "gain_pct": -32.74125745854182, "r2": -0.7710950704842381, "best_epoch": 1, "epochs": 11, "seconds": 8.638102769851685, "parameters": 22211}
{"model": "DenseCfC_fixed", "seed": 0, "sequence": "V202", "condition": "drop50", "n": 869, "before_m": 0.014595693825546548, "after_m": 0.020171762315081405, "gain_pct": -38.203517805883116, "r2": -0.911766246193846, "best_epoch": 1, "epochs": 11, "seconds": 8.638102769851685, "parameters": 22211}
PROGRESS DenseCfC_fixed seed=1 epoch=10 val=2.337239
PROGRESS DenseCfC_fixed seed=1 epoch=20 val=2.319168
PROGRESS DenseCfC_fixed seed=1 epoch=30 val=2.290889
PROGRESS DenseCfC_fixed seed=1 epoch=40 val=2.261567
PROGRESS DenseCfC_fixed seed=1 epoch=50 val=2.219332
PROGRESS DenseCfC_fixed seed=1 epoch=60 val=2.212118
{"model": "DenseCfC_fixed", "seed": 1, "sequence": "V103", "condition": "nominal", "n": 1441, "before_m": 1.5456363468339769, "after_m": 1.5413322489267909, "gain_pct": 0.27846769494016543, "r2": 0.004961538044196745, "best_epoch": 58, "epochs": 60, "seconds": 42.55900979042053, "parameters": 22211}
{"model": "DenseCfC_fixed", "seed": 1, "sequence": "V103", "condition": "drop25", "n": 1070, "before_m": 1.5773261554083033, "after_m": 1.5720964892680338, "gain_pct": 0.33155261658079915, "r2": 0.005420613675871544, "best_epoch": 58, "epochs": 60, "seconds": 42.55900979042053, "parameters": 22211}
{"model": "DenseCfC_fixed", "seed": 1, "sequence": "V103", "condition": "drop50", "n": 694, "before_m": 1.5699103046353353, "after_m": 1.5621426787952917, "gain_pct": 0.49478150548530886, "r2": 0.009101361507361183, "best_epoch": 58, "epochs": 60, "seconds": 42.55900979042053, "parameters": 22211}
{"model": "DenseCfC_fixed", "seed": 1, "sequence": "V202", "condition": "nominal", "n": 1795, "before_m": 0.015648287035141577, "after_m": 0.03305909930863536, "gain_pct": -111.26337492655955, "r2": -3.478072168199451, "best_epoch": 58, "epochs": 60, "seconds": 42.55900979042053, "parameters": 22211}
{"model": "DenseCfC_fixed", "seed": 1, "sequence": "V202", "condition": "drop25", "n": 1342, "before_m": 0.015604578756126015, "after_m": 0.03432751361272724, "gain_pct": -119.98359679687613, "r2": -3.864190964815011, "best_epoch": 58, "epochs": 60, "seconds": 42.55900979042053, "parameters": 22211}
{"model": "DenseCfC_fixed", "seed": 1, "sequence": "V202", "condition": "drop50", "n": 869, "before_m": 0.014595693825546548, "after_m": 0.03031141368422698, "gain_pct": -107.67367448591942, "r2": -3.3167757532638174, "best_epoch": 58, "epochs": 60, "seconds": 42.55900979042053, "parameters": 22211}
PROGRESS DenseCfC_fixed seed=2 epoch=10 val=2.294325
PROGRESS DenseCfC_fixed seed=2 epoch=20 val=2.258399
PROGRESS DenseCfC_fixed seed=2 epoch=30 val=2.226958
{"model": "DenseCfC_fixed", "seed": 2, "sequence": "V103", "condition": "nominal", "n": 1441, "before_m": 1.5456363468339769, "after_m": 1.5399578225327515, "gain_pct": 0.367390706931614, "r2": 0.006735324804901466, "best_epoch": 25, "epochs": 35, "seconds": 25.274235486984253, "parameters": 22211}
{"model": "DenseCfC_fixed", "seed": 2, "sequence": "V103", "condition": "drop25", "n": 1070, "before_m": 1.5773261554083033, "after_m": 1.5715313934707476, "gain_pct": 0.3673788022652613, "r2": 0.006135495520312562, "best_epoch": 25, "epochs": 35, "seconds": 25.274235486984253, "parameters": 22211}
{"model": "DenseCfC_fixed", "seed": 2, "sequence": "V103", "condition": "drop50", "n": 694, "before_m": 1.5699103046353353, "after_m": 1.5612343729897378, "gain_pct": 0.5526386838777264, "r2": 0.010253339921406757, "best_epoch": 25, "epochs": 35, "seconds": 25.274235486984253, "parameters": 22211}
{"model": "DenseCfC_fixed", "seed": 2, "sequence": "V202", "condition": "nominal", "n": 1795, "before_m": 0.015648287035141577, "after_m": 0.025398045566332253, "gain_pct": -62.305596192704705, "r2": -1.6430759940764879, "best_epoch": 25, "epochs": 35, "seconds": 25.274235486984253, "parameters": 22211}
{"model": "DenseCfC_fixed", "seed": 2, "sequence": "V202", "condition": "drop25", "n": 1342, "before_m": 0.015604578756126015, "after_m": 0.02646564475775005, "gain_pct": -69.60178913743647, "r2": -1.8912848339733932, "best_epoch": 25, "epochs": 35, "seconds": 25.274235486984253, "parameters": 22211}
{"model": "DenseCfC_fixed", "seed": 2, "sequence": "V202", "condition": "drop50", "n": 869, "before_m": 0.014595693825546548, "after_m": 0.024072406853445413, "gain_pct": -64.92814347278212, "r2": -1.7226143858056275, "best_epoch": 25, "epochs": 35, "seconds": 25.274235486984253, "parameters": 22211}
PROGRESS DenseCfC_time seed=0 epoch=10 val=2.351719
{"model": "DenseCfC_time", "seed": 0, "sequence": "V103", "condition": "nominal", "n": 1441, "before_m": 1.5456363468339769, "after_m": 1.5461548668153595, "gain_pct": -0.03354734653107094, "r2": -0.0012748817967855874, "best_epoch": 1, "epochs": 11, "seconds": 7.9738383293151855, "parameters": 22211}
{"model": "DenseCfC_time", "seed": 0, "sequence": "V103", "condition": "drop25", "n": 1070, "before_m": 1.5773261554083033, "after_m": 1.5778915935082574, "gain_pct": -0.03584788713579812, "r2": -0.0019253913497958575, "best_epoch": 1, "epochs": 11, "seconds": 7.9738383293151855, "parameters": 22211}
{"model": "DenseCfC_time", "seed": 0, "sequence": "V103", "condition": "drop50", "n": 694, "before_m": 1.5699103046353353, "after_m": 1.5702054039289133, "gain_pct": -0.018797207248510972, "r2": -0.0011537339619622777, "best_epoch": 1, "epochs": 11, "seconds": 7.9738383293151855, "parameters": 22211}
{"model": "DenseCfC_time", "seed": 0, "sequence": "V202", "condition": "nominal", "n": 1795, "before_m": 0.015648287035141577, "after_m": 0.020926995540314543, "gain_pct": -33.733459089282405, "r2": -0.7944146971587795, "best_epoch": 1, "epochs": 11, "seconds": 7.9738383293151855, "parameters": 22211}
{"model": "DenseCfC_time", "seed": 0, "sequence": "V202", "condition": "drop25", "n": 1342, "before_m": 0.015604578756126015, "after_m": 0.02088463115294217, "gain_pct": -33.83655835466448, "r2": -0.8004436757942712, "best_epoch": 1, "epochs": 11, "seconds": 7.9738383293151855, "parameters": 22211}
{"model": "DenseCfC_time", "seed": 0, "sequence": "V202", "condition": "drop50", "n": 869, "before_m": 0.014595693825546548, "after_m": 0.020649681681208978, "gain_pct": -41.4779038805696, "r2": -1.0034284083933782, "best_epoch": 1, "epochs": 11, "seconds": 7.9738383293151855, "parameters": 22211}
PROGRESS DenseCfC_time seed=1 epoch=10 val=2.339103
PROGRESS DenseCfC_time seed=1 epoch=20 val=2.325510
PROGRESS DenseCfC_time seed=1 epoch=30 val=2.299805
PROGRESS DenseCfC_time seed=1 epoch=40 val=2.269010
PROGRESS DenseCfC_time seed=1 epoch=50 val=2.224276
PROGRESS DenseCfC_time seed=1 epoch=60 val=2.213749
{"model": "DenseCfC_time", "seed": 1, "sequence": "V103", "condition": "nominal", "n": 1441, "before_m": 1.5456363468339769, "after_m": 1.5401036732891247, "gain_pct": 0.3579544150980385, "r2": 0.006547169957615062, "best_epoch": 58, "epochs": 60, "seconds": 44.0446343421936, "parameters": 22211}
{"model": "DenseCfC_time", "seed": 1, "sequence": "V103", "condition": "drop25", "n": 1070, "before_m": 1.5773261554083033, "after_m": 1.57061566041812, "gain_pct": 0.4254348390264395, "r2": 0.007293409918953553, "best_epoch": 58, "epochs": 60, "seconds": 44.0446343421936, "parameters": 22211}
{"model": "DenseCfC_time", "seed": 1, "sequence": "V103", "condition": "drop50", "n": 694, "before_m": 1.5699103046353353, "after_m": 1.5607440363018399, "gain_pct": 0.5838721044400419, "r2": 0.010874941517004966, "best_epoch": 58, "epochs": 60, "seconds": 44.0446343421936, "parameters": 22211}
{"model": "DenseCfC_time", "seed": 1, "sequence": "V202", "condition": "nominal", "n": 1795, "before_m": 0.015648287035141577, "after_m": 0.03189387955593369, "gain_pct": -103.81706626616163, "r2": -3.1679620291526263, "best_epoch": 58, "epochs": 60, "seconds": 44.0446343421936, "parameters": 22211}
{"model": "DenseCfC_time", "seed": 1, "sequence": "V202", "condition": "drop25", "n": 1342, "before_m": 0.015604578756126015, "after_m": 0.03340133373412797, "gain_pct": -114.04828836546032, "r2": -3.6052534670850305, "best_epoch": 58, "epochs": 60, "seconds": 44.0446343421936, "parameters": 22211}
{"model": "DenseCfC_time", "seed": 1, "sequence": "V202", "condition": "drop50", "n": 869, "before_m": 0.014595693825546548, "after_m": 0.033704190843096365, "gain_pct": -130.91873018125798, "r2": -4.3372176747383495, "best_epoch": 58, "epochs": 60, "seconds": 44.0446343421936, "parameters": 22211}
PROGRESS DenseCfC_time seed=2 epoch=10 val=2.313729
PROGRESS DenseCfC_time seed=2 epoch=20 val=2.259632
PROGRESS DenseCfC_time seed=2 epoch=30 val=2.219589
PROGRESS DenseCfC_time seed=2 epoch=40 val=2.181795
PROGRESS DenseCfC_time seed=2 epoch=50 val=2.164692
PROGRESS DenseCfC_time seed=2 epoch=60 val=2.133798
{"model": "DenseCfC_time", "seed": 2, "sequence": "V103", "condition": "nominal", "n": 1441, "before_m": 1.5456363468339769, "after_m": 1.539847068816497, "gain_pct": 0.37455628093493454, "r2": 0.006878190793197847, "best_epoch": 56, "epochs": 60, "seconds": 44.09425902366638, "parameters": 22211}
{"model": "DenseCfC_time", "seed": 2, "sequence": "V103", "condition": "drop25", "n": 1070, "before_m": 1.5773261554083033, "after_m": 1.5714502331137103, "gain_pct": 0.37252424138443097, "r2": 0.0062381473865059656, "best_epoch": 56, "epochs": 60, "seconds": 44.09425902366638, "parameters": 22211}
{"model": "DenseCfC_time", "seed": 2, "sequence": "V103", "condition": "drop50", "n": 694, "before_m": 1.5699103046353353, "after_m": 1.5601530277075253, "gain_pct": 0.6215181146974169, "r2": 0.011623905747898289, "best_epoch": 56, "epochs": 60, "seconds": 44.09425902366638, "parameters": 22211}
{"model": "DenseCfC_time", "seed": 2, "sequence": "V202", "condition": "nominal", "n": 1795, "before_m": 0.015648287035141577, "after_m": 0.028364286859686193, "gain_pct": -81.26128946886082, "r2": -2.29649781340945, "best_epoch": 56, "epochs": 60, "seconds": 44.09425902366638, "parameters": 22211}
{"model": "DenseCfC_time", "seed": 2, "sequence": "V202", "condition": "drop25", "n": 1342, "before_m": 0.015604578756126015, "after_m": 0.030867249705806503, "gain_pct": -97.80892639404763, "r2": -2.932980481712391, "best_epoch": 56, "epochs": 60, "seconds": 44.09425902366638, "parameters": 22211}
{"model": "DenseCfC_time", "seed": 2, "sequence": "V202", "condition": "drop50", "n": 869, "before_m": 0.014595693825546548, "after_m": 0.02690967978834185, "gain_pct": -84.3672531773884, "r2": -2.402233879098523, "best_epoch": 56, "epochs": 60, "seconds": 44.09425902366638, "parameters": 22211}
COMPLETE 177.68241238594055
