{"case": "cross_sequence", "sequence": "V103", "condition": "nominal", "model": "Zero", "runs": 1, "n": 1441, "before_m": 1.5456363468339769, "after_m_mean": 1.5456363468339769, "gain_pct_mean": 0.0, "gain_pct_std": 0.0, "r2_mean": -0.0006034173947591093}
{"case": "cross_sequence", "sequence": "V103", "condition": "drop25", "model": "Zero", "runs": 1, "n": 1070, "before_m": 1.5773261554083033, "after_m_mean": 1.5773261554083033, "gain_pct_mean": 0.0, "gain_pct_std": 0.0, "r2_mean": -0.0012074392618870444}
{"case": "cross_sequence", "sequence": "V103", "condition": "drop50", "model": "Zero", "runs": 1, "n": 694, "before_m": 1.5699103046353353, "after_m_mean": 1.5699103046353353, "gain_pct_mean": 0.0, "gain_pct_std": 0.0, "r2_mean": -0.0007774621736695853}
{"case": "cross_sequence", "sequence": "V202", "condition": "nominal", "model": "Zero", "runs": 1, "n": 1795, "before_m": 0.015648287035141577, "after_m_mean": 0.015648287035141577, "gain_pct_mean": 0.0, "gain_pct_std": 0.0, "r2_mean": -0.003327374662930982}
{"case": "cross_sequence", "sequence": "V202", "condition": "drop25", "model": "Zero", "runs": 1, "n": 1342, "before_m": 0.015604578756126015, "after_m_mean": 0.015604578756126015, "gain_pct_mean": 0.0, "gain_pct_std": 0.0, "r2_mean": -0.0051480153390199845}
{"case": "cross_sequence", "sequence": "V202", "condition": "drop50", "model": "Zero", "runs": 1, "n": 869, "before_m": 0.014595693825546548, "after_m_mean": 0.014595693825546548, "gain_pct_mean": 0.0, "gain_pct_std": 0.0, "r2_mean": -0.0009136091113721712}
{"case": "cross_sequence", "sequence": "V103", "condition": "nominal", "model": "Mean", "runs": 1, "n": 1441, "before_m": 1.5456363468339769, "after_m_mean": 1.5456657271168768, "gain_pct_mean": -0.0019008535196540777, "gain_pct_std": 0.0, "r2_mean": -0.0006414577668560906}
{"case": "cross_sequence", "sequence": "V103", "condition": "drop25", "model": "Mean", "runs": 1, "n": 1070, "before_m": 1.5773261554083033, "after_m_mean": 1.577473007664138, "gain_pct_mean": -0.009310202289558589, "gain_pct_std": 0.0, "r2_mean": -0.0013938768162060633}
{"case": "cross_sequence", "sequence": "V103", "condition": "drop50", "model": "Mean", "runs": 1, "n": 694, "before_m": 1.5699103046353353, "after_m_mean": 1.5701093526204137, "gain_pct_mean": -0.012678939968147063, "gain_pct_std": 0.0, "r2_mean": -0.001031254209007182}
{"case": "cross_sequence", "sequence": "V202", "condition": "nominal", "model": "Mean", "runs": 1, "n": 1795, "before_m": 0.015648287035141577, "after_m_mean": 0.016809590244926752, "gain_pct_mean": -7.421280087572657, "gain_pct_std": 0.0, "r2_mean": -0.15777270946323352}
{"case": "cross_sequence", "sequence": "V202", "condition": "drop25", "model": "Mean", "runs": 1, "n": 1342, "before_m": 0.015604578756126015, "after_m_mean": 0.016760696430799568, "gain_pct_mean": -7.408836167523503, "gain_pct_std": 0.0, "r2_mean": -0.1596048979654101}
{"case": "cross_sequence", "sequence": "V202", "condition": "drop50", "model": "Mean", "runs": 1, "n": 869, "before_m": 0.014595693825546548, "after_m_mean": 0.0160694044095963, "gain_pct_mean": -10.096886120414128, "gain_pct_std": 0.0, "r2_mean": -0.2132398485764342}
{"case": "cross_sequence", "sequence": "V103", "condition": "nominal", "model": "Ridge", "runs": 1, "n": 1441, "before_m": 1.5456363468339769, "after_m_mean": 1.5143454048328568, "gain_pct_mean": 2.024469860922673, "gain_pct_std": 0.0, "r2_mean": 0.03950031669919596}
{"case": "cross_sequence", "sequence": "V103", "condition": "drop25", "model": "Ridge", "runs": 1, "n": 1070, "before_m": 1.5773261554083033, "after_m_mean": 1.5523767201322196, "gain_pct_mean": 1.581754996614848, "gain_pct_std": 0.0, "r2_mean": 0.030215361150061293}
{"case": "cross_sequence", "sequence": "V103", "condition": "drop50", "model": "Ridge", "runs": 1, "n": 694, "before_m": 1.5699103046353353, "after_m_mean": 1.555994644989613, "gain_pct_mean": 0.8863983887891447, "gain_pct_std": 0.0, "r2_mean": 0.016885657130743637}
{"case": "cross_sequence", "sequence": "V202", "condition": "nominal", "model": "Ridge", "runs": 1, "n": 1795, "before_m": 0.015648287035141577, "after_m_mean": 0.02470416603746753, "gain_pct_mean": -57.87137583806481, "gain_pct_std": 0.0, "r2_mean": -1.5006300703211908}
{"case": "cross_sequence", "sequence": "V202", "condition": "drop25", "model": "Ridge", "runs": 1, "n": 1342, "before_m": 0.015604578756126015, "after_m_mean": 0.02634447737309172, "gain_pct_mean": -68.82530303965721, "gain_pct_std": 0.0, "r2_mean": -1.8648711591832807}
{"case": "cross_sequence", "sequence": "V202", "condition": "drop50", "model": "Ridge", "runs": 1, "n": 869, "before_m": 0.014595693825546548, "after_m_mean": 0.02909459945493499, "gain_pct_mean": -99.33687156420959, "gain_pct_std": 0.0, "r2_mean": -2.9771490795138558}
{"case": "cross_sequence", "sequence": "V103", "condition": "nominal", "model": "MLP", "runs": 3, "n": 1441, "before_m": 1.5456363468339769, "after_m_mean": 1.5456570215750212, "gain_pct_mean": -0.0013376200091600825, "gain_pct_std": 0.04623385980815549, "r2_mean": -0.0006304000028004945}
{"case": "cross_sequence", "sequence": "V103", "condition": "drop25", "model": "MLP", "runs": 3, "n": 1070, "before_m": 1.5773261554083033, "after_m_mean": 1.5773953823126066, "gain_pct_mean": -0.004388876965351803, "gain_pct_std": 0.05438693933846651, "r2_mean": -0.0012956208668610063}
{"case": "cross_sequence", "sequence": "V103", "condition": "drop50", "model": "MLP", "runs": 3, "n": 694, "before_m": 1.5699103046353353, "after_m_mean": 1.569860415949086, "gain_pct_mean": 0.003177804878521743, "gain_pct_std": 0.07894094453045666, "r2_mean": -0.000714481326028323}
{"case": "cross_sequence", "sequence": "V202", "condition": "nominal", "model": "MLP", "runs": 3, "n": 1795, "before_m": 0.015648287035141577, "after_m_mean": 0.017306523815703048, "gain_pct_mean": -10.596922058226207, "gain_pct_std": 1.1850914600742462, "r2_mean": -0.22737876629772705}
{"case": "cross_sequence", "sequence": "V202", "condition": "drop25", "model": "MLP", "runs": 3, "n": 1342, "before_m": 0.015604578756126015, "after_m_mean": 0.01757516866647459, "gain_pct_mean": -12.628280078210805, "gain_pct_std": 1.6227491738331594, "r2_mean": -0.2753079585708868}
{"case": "cross_sequence", "sequence": "V202", "condition": "drop50", "model": "MLP", "runs": 3, "n": 869, "before_m": 0.014595693825546548, "after_m_mean": 0.017975660024743403, "gain_pct_mean": -23.157283508379503, "gain_pct_std": 3.020551135629023, "r2_mean": -0.5190705909824311}
{"case": "cross_sequence", "sequence": "V103", "condition": "nominal", "model": "GRU", "runs": 3, "n": 1441, "before_m": 1.5456363468339769, "after_m_mean": 1.5460435670267252, "gain_pct_mean": -0.026346442588683534, "gain_pct_std": 0.012759930233555051, "r2_mean": -0.0011307499513631598}
{"case": "cross_sequence", "sequence": "V103", "condition": "drop25", "model": "GRU", "runs": 3, "n": 1070, "before_m": 1.5773261554083033, "after_m_mean": 1.5779210791648397, "gain_pct_mean": -0.037717231436025976, "gain_pct_std": 0.009041938165663075, "r2_mean": -0.001962845332188934}
{"case": "cross_sequence", "sequence": "V103", "condition": "drop50", "model": "GRU", "runs": 3, "n": 694, "before_m": 1.5699103046353353, "after_m_mean": 1.570578772151298, "gain_pct_mean": -0.042579981416087286, "gain_pct_std": 0.012565115697730861, "r2_mean": -0.0016299211354173782}
{"case": "cross_sequence", "sequence": "V202", "condition": "nominal", "model": "GRU", "runs": 3, "n": 1795, "before_m": 0.015648287035141577, "after_m_mean": 0.018535317122869946, "gain_pct_mean": -18.449495981540508, "gain_pct_std": 3.4207406841294707, "r2_mean": -0.4088707508768246}
{"case": "cross_sequence", "sequence": "V202", "condition": "drop25", "model": "GRU", "runs": 3, "n": 1342, "before_m": 0.015604578756126015, "after_m_mean": 0.018894764546431797, "gain_pct_mean": -21.084745969282412, "gain_pct_std": 3.9701908533293504, "r2_mean": -0.47528369747638965}
{"case": "cross_sequence", "sequence": "V202", "condition": "drop50", "model": "GRU", "runs": 3, "n": 869, "before_m": 0.014595693825546548, "after_m_mean": 0.018795441128187595, "gain_pct_mean": -28.77387915119399, "gain_pct_std": 4.930130963385368, "r2_mean": -0.6622190466050579}
{"case": "cross_sequence", "sequence": "V103", "condition": "nominal", "model": "CfC_fixed_head", "runs": 3, "n": 1441, "before_m": 1.5456363468339769, "after_m_mean": 1.5456790363690562, "gain_pct_mean": -0.00276193913056888, "gain_pct_std": 0.012790324729426488, "r2_mean": -0.0006587066418159241}
{"case": "cross_sequence", "sequence": "V103", "condition": "drop25", "model": "CfC_fixed_head", "runs": 3, "n": 1070, "before_m": 1.5773261554083033, "after_m_mean": 1.5774405057648966, "gain_pct_mean": -0.00724963294376213, "gain_pct_std": 0.011073477370281472, "r2_mean": -0.0013526245296506811}
{"case": "cross_sequence", "sequence": "V103", "condition": "drop50", "model": "CfC_fixed_head", "runs": 3, "n": 694, "before_m": 1.5699103046353353, "after_m_mean": 1.5700363062014588, "gain_pct_mean": -0.008026035993990988, "gain_pct_std": 0.008947271651898767, "r2_mean": -0.000938122150661617}
{"case": "cross_sequence", "sequence": "V202", "condition": "nominal", "model": "CfC_fixed_head", "runs": 3, "n": 1795, "before_m": 0.015648287035141577, "after_m_mean": 0.017552806577128013, "gain_pct_mean": -12.170786091215144, "gain_pct_std": 4.258783579455644, "r2_mean": -0.26423488164328957}
{"case": "cross_sequence", "sequence": "V202", "condition": "drop25", "model": "CfC_fixed_head", "runs": 3, "n": 1342, "before_m": 0.015604578756126015, "after_m_mean": 0.017499730759421486, "gain_pct_mean": -12.144845643792044, "gain_pct_std": 4.261743099334326, "r2_mean": -0.26594662012685927}
{"case": "cross_sequence", "sequence": "V202", "condition": "drop50", "model": "CfC_fixed_head", "runs": 3, "n": 869, "before_m": 0.014595693825546548, "after_m_mean": 0.0167907446873783, "gain_pct_mean": -15.039030607711153, "gain_pct_std": 4.045469685879055, "r2_mean": -0.32624500235031}
{"case": "cross_sequence", "sequence": "V103", "condition": "nominal", "model": "CfC_time_head", "runs": 3, "n": 1441, "before_m": 1.5456363468339769, "after_m_mean": 1.5456664799291404, "gain_pct_mean": -0.0019495591718765581, "gain_pct_std": 0.012474897175356018, "r2_mean": -0.0006424480581588288}
{"case": "cross_sequence", "sequence": "V103", "condition": "drop25", "model": "CfC_time_head", "runs": 3, "n": 1070, "before_m": 1.5773261554083033, "after_m_mean": 1.5774502171328342, "gain_pct_mean": -0.007865318412773417, "gain_pct_std": 0.010898700961571365, "r2_mean": -0.0013649536543307583}
{"case": "cross_sequence", "sequence": "V103", "condition": "drop50", "model": "CfC_time_head", "runs": 3, "n": 694, "before_m": 1.5699103046353353, "after_m_mean": 1.5700708166783448, "gain_pct_mean": -0.010224281128386655, "gain_pct_std": 0.011867200810798473, "r2_mean": -0.0009821313317883718}
{"case": "cross_sequence", "sequence": "V202", "condition": "nominal", "model": "CfC_time_head", "runs": 3, "n": 1795, "before_m": 0.015648287035141577, "after_m_mean": 0.017503855319086468, "gain_pct_mean": -11.85796426009962, "gain_pct_std": 4.040926975496362, "r2_mean": -0.2570220383365482}
{"case": "cross_sequence", "sequence": "V202", "condition": "drop25", "model": "CfC_time_head", "runs": 3, "n": 1342, "before_m": 0.015604578756126015, "after_m_mean": 0.017497657619182042, "gain_pct_mean": -12.131560182698601, "gain_pct_std": 4.20601521817224, "r2_mean": -0.2655996927171329}
{"case": "cross_sequence", "sequence": "V202", "condition": "drop50", "model": "CfC_time_head", "runs": 3, "n": 869, "before_m": 0.014595693825546548, "after_m_mean": 0.016882323902115432, "gain_pct_mean": -15.66647056247948, "gain_pct_std": 4.281248493072244, "r2_mean": -0.3409301178493331}
{"case": "same_sequence_future", "sequence": "V103", "condition": "nominal", "model": "Zero", "runs": 1, "n": 268, "before_m": 1.2771386185040177, "after_m_mean": 1.2771386185040177, "gain_pct_mean": 0.0, "gain_pct_std": 0.0, "r2_mean": -0.010029186281220737}
{"case": "same_sequence_future", "sequence": "V103", "condition": "drop25", "model": "Zero", "runs": 1, "n": 194, "before_m": 1.2656376121041237, "after_m_mean": 1.2656376121041237, "gain_pct_mean": 0.0, "gain_pct_std": 0.0, "r2_mean": -0.01598445995074327}
{"case": "same_sequence_future", "sequence": "V103", "condition": "drop50", "model": "Zero", "runs": 1, "n": 119, "before_m": 1.1401495795862606, "after_m_mean": 1.1401495795862606, "gain_pct_mean": 0.0, "gain_pct_std": 0.0, "r2_mean": -0.012808611091502886}
{"case": "same_sequence_future", "sequence": "V103", "condition": "nominal", "model": "Mean", "runs": 1, "n": 268, "before_m": 1.2771386185040177, "after_m_mean": 1.2768675969209344, "gain_pct_mean": 0.021220999753390757, "gain_pct_std": 0.0, "r2_mean": -0.009600555183689075}
{"case": "same_sequence_future", "sequence": "V103", "condition": "drop25", "model": "Mean", "runs": 1, "n": 194, "before_m": 1.2656376121041237, "after_m_mean": 1.2642598218069525, "gain_pct_mean": 0.10886135841685629, "gain_pct_std": 0.0, "r2_mean": -0.013773635004322493}
{"case": "same_sequence_future", "sequence": "V103", "condition": "drop50", "model": "Mean", "runs": 1, "n": 119, "before_m": 1.1401495795862606, "after_m_mean": 1.1426186856449227, "gain_pct_mean": -0.2165598359083809, "gain_pct_std": 0.0, "r2_mean": -0.017200034310279833}
{"case": "same_sequence_future", "sequence": "V103", "condition": "nominal", "model": "Ridge", "runs": 1, "n": 268, "before_m": 1.2771386185040177, "after_m_mean": 0.664002915686512, "gain_pct_mean": 48.008547696702266, "gain_pct_std": 0.0, "r2_mean": 0.7269778882506752}
{"case": "same_sequence_future", "sequence": "V103", "condition": "drop25", "model": "Ridge", "runs": 1, "n": 194, "before_m": 1.2656376121041237, "after_m_mean": 1.0106133945917242, "gain_pct_mean": 20.149860834842094, "gain_pct_std": 0.0, "r2_mean": 0.35220376437588785}
{"case": "same_sequence_future", "sequence": "V103", "condition": "drop50", "model": "Ridge", "runs": 1, "n": 119, "before_m": 1.1401495795862606, "after_m_mean": 1.2938267548180709, "gain_pct_mean": -13.47868542718551, "gain_pct_std": 0.0, "r2_mean": -0.30423538090479907}
{"case": "same_sequence_future", "sequence": "V103", "condition": "nominal", "model": "GRU", "runs": 3, "n": 268, "before_m": 1.2771386185040177, "after_m_mean": 1.0042966210790485, "gain_pct_mean": 21.363538262163264, "gain_pct_std": 1.6737137595698828, "r2_mean": 0.3751460062514537}
{"case": "same_sequence_future", "sequence": "V103", "condition": "drop25", "model": "GRU", "runs": 3, "n": 194, "before_m": 1.2656376121041237, "after_m_mean": 0.9813371003646467, "gain_pct_mean": 22.463026463540945, "gain_pct_std": 1.5022325849401292, "r2_mean": 0.388962667015007}
{"case": "same_sequence_future", "sequence": "V103", "condition": "drop50", "model": "GRU", "runs": 3, "n": 119, "before_m": 1.1401495795862606, "after_m_mean": 0.9039030132254156, "gain_pct_mean": 20.720664252367186, "gain_pct_std": 1.5666825696224367, "r2_mean": 0.36317961405523524}
{"case": "same_sequence_future", "sequence": "V103", "condition": "nominal", "model": "CfC_fixed_head", "runs": 3, "n": 268, "before_m": 1.2771386185040177, "after_m_mean": 1.247120815557061, "gain_pct_mean": 2.350395055950786, "gain_pct_std": 2.19378650003547, "r2_mean": 0.03640609299597963}
{"case": "same_sequence_future", "sequence": "V103", "condition": "drop25", "model": "CfC_fixed_head", "runs": 3, "n": 194, "before_m": 1.2656376121041237, "after_m_mean": 1.206972301080592, "gain_pct_mean": 4.635237643261942, "gain_pct_std": 2.4974687293031397, "r2_mean": 0.07538553715400971}
{"case": "same_sequence_future", "sequence": "V103", "condition": "drop50", "model": "CfC_fixed_head", "runs": 3, "n": 119, "before_m": 1.1401495795862606, "after_m_mean": 1.147535282462672, "gain_pct_mean": -0.6477836775672374, "gain_pct_std": 1.9840959251450916, "r2_mean": -0.026371434624547385}
{"case": "same_sequence_future", "sequence": "V103", "condition": "nominal", "model": "CfC_time_head", "runs": 3, "n": 268, "before_m": 1.2771386185040177, "after_m_mean": 1.3031953697185725, "gain_pct_mean": -2.0402445621037213, "gain_pct_std": 1.6859692816008134, "r2_mean": -0.051950851943461794}
{"case": "same_sequence_future", "sequence": "V103", "condition": "drop25", "model": "CfC_time_head", "runs": 3, "n": 194, "before_m": 1.2656376121041237, "after_m_mean": 1.2917654847818492, "gain_pct_mean": -2.0644039358381363, "gain_pct_std": 3.015659692299486, "r2_mean": -0.05928945179914946}
{"case": "same_sequence_future", "sequence": "V103", "condition": "drop50", "model": "CfC_time_head", "runs": 3, "n": 119, "before_m": 1.1401495795862606, "after_m_mean": 1.1769723227741957, "gain_pct_mean": -3.2296414301444067, "gain_pct_std": 1.7315374061580928, "r2_mean": -0.07958886510566805}
{"case": "dense_cross_sequence", "sequence": "V103", "condition": "nominal", "model": "Zero", "runs": 1, "n": 1441, "before_m": 1.5456363468339769, "after_m_mean": 1.5456363468339769, "gain_pct_mean": 0.0, "gain_pct_std": 0.0, "r2_mean": -0.0006034173947591093}
{"case": "dense_cross_sequence", "sequence": "V103", "condition": "drop25", "model": "Zero", "runs": 1, "n": 1070, "before_m": 1.5773261554083033, "after_m_mean": 1.5773261554083033, "gain_pct_mean": 0.0, "gain_pct_std": 0.0, "r2_mean": -0.0012074392618870444}
{"case": "dense_cross_sequence", "sequence": "V103", "condition": "drop50", "model": "Zero", "runs": 1, "n": 694, "before_m": 1.5699103046353353, "after_m_mean": 1.5699103046353353, "gain_pct_mean": 0.0, "gain_pct_std": 0.0, "r2_mean": -0.0007774621736695853}
{"case": "dense_cross_sequence", "sequence": "V202", "condition": "nominal", "model": "Zero", "runs": 1, "n": 1795, "before_m": 0.015648287035141577, "after_m_mean": 0.015648287035141577, "gain_pct_mean": 0.0, "gain_pct_std": 0.0, "r2_mean": -0.003327374662930982}
{"case": "dense_cross_sequence", "sequence": "V202", "condition": "drop25", "model": "Zero", "runs": 1, "n": 1342, "before_m": 0.015604578756126015, "after_m_mean": 0.015604578756126015, "gain_pct_mean": 0.0, "gain_pct_std": 0.0, "r2_mean": -0.0051480153390199845}
{"case": "dense_cross_sequence", "sequence": "V202", "condition": "drop50", "model": "Zero", "runs": 1, "n": 869, "before_m": 0.014595693825546548, "after_m_mean": 0.014595693825546548, "gain_pct_mean": 0.0, "gain_pct_std": 0.0, "r2_mean": -0.0009136091113721712}
{"case": "dense_cross_sequence", "sequence": "V103", "condition": "nominal", "model": "Mean", "runs": 1, "n": 1441, "before_m": 1.5456363468339769, "after_m_mean": 1.5456657271168768, "gain_pct_mean": -0.0019008535196540777, "gain_pct_std": 0.0, "r2_mean": -0.0006414577668560906}
{"case": "dense_cross_sequence", "sequence": "V103", "condition": "drop25", "model": "Mean", "runs": 1, "n": 1070, "before_m": 1.5773261554083033, "after_m_mean": 1.577473007664138, "gain_pct_mean": -0.009310202289558589, "gain_pct_std": 0.0, "r2_mean": -0.0013938768162060633}
{"case": "dense_cross_sequence", "sequence": "V103", "condition": "drop50", "model": "Mean", "runs": 1, "n": 694, "before_m": 1.5699103046353353, "after_m_mean": 1.5701093526204137, "gain_pct_mean": -0.012678939968147063, "gain_pct_std": 0.0, "r2_mean": -0.001031254209007182}
{"case": "dense_cross_sequence", "sequence": "V202", "condition": "nominal", "model": "Mean", "runs": 1, "n": 1795, "before_m": 0.015648287035141577, "after_m_mean": 0.016809590244926752, "gain_pct_mean": -7.421280087572657, "gain_pct_std": 0.0, "r2_mean": -0.15777270946323352}
{"case": "dense_cross_sequence", "sequence": "V202", "condition": "drop25", "model": "Mean", "runs": 1, "n": 1342, "before_m": 0.015604578756126015, "after_m_mean": 0.016760696430799568, "gain_pct_mean": -7.408836167523503, "gain_pct_std": 0.0, "r2_mean": -0.1596048979654101}
{"case": "dense_cross_sequence", "sequence": "V202", "condition": "drop50", "model": "Mean", "runs": 1, "n": 869, "before_m": 0.014595693825546548, "after_m_mean": 0.0160694044095963, "gain_pct_mean": -10.096886120414128, "gain_pct_std": 0.0, "r2_mean": -0.2132398485764342}
{"case": "dense_cross_sequence", "sequence": "V103", "condition": "nominal", "model": "Ridge", "runs": 1, "n": 1441, "before_m": 1.5456363468339769, "after_m_mean": 1.5143454048328568, "gain_pct_mean": 2.024469860922673, "gain_pct_std": 0.0, "r2_mean": 0.03950031669919596}
{"case": "dense_cross_sequence", "sequence": "V103", "condition": "drop25", "model": "Ridge", "runs": 1, "n": 1070, "before_m": 1.5773261554083033, "after_m_mean": 1.5523767201322196, "gain_pct_mean": 1.581754996614848, "gain_pct_std": 0.0, "r2_mean": 0.030215361150061293}
{"case": "dense_cross_sequence", "sequence": "V103", "condition": "drop50", "model": "Ridge", "runs": 1, "n": 694, "before_m": 1.5699103046353353, "after_m_mean": 1.555994644989613, "gain_pct_mean": 0.8863983887891447, "gain_pct_std": 0.0, "r2_mean": 0.016885657130743637}
{"case": "dense_cross_sequence", "sequence": "V202", "condition": "nominal", "model": "Ridge", "runs": 1, "n": 1795, "before_m": 0.015648287035141577, "after_m_mean": 0.02470416603746753, "gain_pct_mean": -57.87137583806481, "gain_pct_std": 0.0, "r2_mean": -1.5006300703211908}
{"case": "dense_cross_sequence", "sequence": "V202", "condition": "drop25", "model": "Ridge", "runs": 1, "n": 1342, "before_m": 0.015604578756126015, "after_m_mean": 0.02634447737309172, "gain_pct_mean": -68.82530303965721, "gain_pct_std": 0.0, "r2_mean": -1.8648711591832807}
{"case": "dense_cross_sequence", "sequence": "V202", "condition": "drop50", "model": "Ridge", "runs": 1, "n": 869, "before_m": 0.014595693825546548, "after_m_mean": 0.02909459945493499, "gain_pct_mean": -99.33687156420959, "gain_pct_std": 0.0, "r2_mean": -2.9771490795138558}
{"case": "dense_cross_sequence", "sequence": "V103", "condition": "nominal", "model": "DenseCfC_fixed", "runs": 3, "n": 1441, "before_m": 1.5456363468339769, "after_m_mean": 1.542483635002753, "gain_pct_mean": 0.20397500600201068, "gain_pct_std": 0.17209905479598991, "r2_mean": 0.0034714176800687926}
{"case": "dense_cross_sequence", "sequence": "V103", "condition": "drop25", "model": "DenseCfC_fixed", "runs": 3, "n": 1070, "before_m": 1.5773261554083033, "after_m_mean": 1.5738508222722605, "gain_pct_mean": 0.22033066047416616, "gain_pct_std": 0.18320928196328, "r2_mean": 0.0031962736268699907}
{"case": "dense_cross_sequence", "sequence": "V103", "condition": "drop50", "model": "DenseCfC_fixed", "runs": 3, "n": 694, "before_m": 1.5699103046353353, "after_m_mean": 1.5645065200878132, "gain_pct_mean": 0.3442097635493561, "gain_pct_std": 0.25494832143338375, "r2_mean": 0.006093723133145453}
{"case": "dense_cross_sequence", "sequence": "V202", "condition": "nominal", "model": "DenseCfC_fixed", "runs": 3, "n": 1795, "before_m": 0.015648287035141577, "after_m_mean": 0.026440415296568775, "gain_pct_mean": -68.96683475444412, "gain_pct_std": 32.162318171893055, "r2_mean": -1.968264369445037}
{"case": "dense_cross_sequence", "sequence": "V202", "condition": "drop25", "model": "DenseCfC_fixed", "runs": 3, "n": 1342, "before_m": 0.015604578756126015, "after_m_mean": 0.02716895747748915, "gain_pct_mean": -74.10888113095147, "gain_pct_std": 35.758839019043236, "r2_mean": -2.1755236230908808}
{"case": "dense_cross_sequence", "sequence": "V202", "condition": "drop50", "model": "DenseCfC_fixed", "runs": 3, "n": 869, "before_m": 0.014595693825546548, "after_m_mean": 0.02485186095091793, "gain_pct_mean": -70.26844525486156, "gain_pct_std": 28.61135887056, "r2_mean": -1.9837187950877635}
{"case": "dense_cross_sequence", "sequence": "V103", "condition": "nominal", "model": "DenseCfC_time", "runs": 3, "n": 1441, "before_m": 1.5456363468339769, "after_m_mean": 1.5420352029736604, "gain_pct_mean": 0.2329877831673007, "gain_pct_std": 0.18859062721463196, "r2_mean": 0.00405015965134244}
{"case": "dense_cross_sequence", "sequence": "V103", "condition": "drop25", "model": "DenseCfC_time", "runs": 3, "n": 1070, "before_m": 1.5773261554083033, "after_m_mean": 1.5733191623466958, "gain_pct_mean": 0.2540370644250241, "gain_pct_std": 0.20611460677945465, "r2_mean": 0.0038687219852212205}
{"case": "dense_cross_sequence", "sequence": "V103", "condition": "drop50", "model": "DenseCfC_time", "runs": 3, "n": 694, "before_m": 1.5699103046353353, "after_m_mean": 1.5637008226460931, "gain_pct_mean": 0.39553100396298263, "gain_pct_std": 0.29337712416655987, "r2_mean": 0.007115037767646992}
{"case": "dense_cross_sequence", "sequence": "V202", "condition": "nominal", "model": "DenseCfC_time", "runs": 3, "n": 1795, "before_m": 0.015648287035141577, "after_m_mean": 0.02706172065197814, "gain_pct_mean": -72.93727160810163, "gain_pct_std": 29.21067103805797, "r2_mean": -2.086291513240285}
{"case": "dense_cross_sequence", "sequence": "V202", "condition": "drop25", "model": "DenseCfC_time", "runs": 3, "n": 1342, "before_m": 0.015604578756126015, "after_m_mean": 0.028384404864292213, "gain_pct_mean": -81.89792437139081, "gain_pct_std": 34.62513919928644, "r2_mean": -2.4462258748638974}
{"case": "dense_cross_sequence", "sequence": "V202", "condition": "drop50", "model": "DenseCfC_time", "runs": 3, "n": 869, "before_m": 0.014595693825546548, "after_m_mean": 0.0270878507708824, "gain_pct_mean": -85.58796241307199, "gain_pct_std": 36.52426545568521, "r2_mean": -2.580959987410084}
{"case": "dense_same_sequence_future", "sequence": "V103", "condition": "nominal", "model": "Zero", "runs": 1, "n": 268, "before_m": 1.2771386185040177, "after_m_mean": 1.2771386185040177, "gain_pct_mean": 0.0, "gain_pct_std": 0.0, "r2_mean": -0.010029186281220737}
{"case": "dense_same_sequence_future", "sequence": "V103", "condition": "drop25", "model": "Zero", "runs": 1, "n": 194, "before_m": 1.2656376121041237, "after_m_mean": 1.2656376121041237, "gain_pct_mean": 0.0, "gain_pct_std": 0.0, "r2_mean": -0.01598445995074327}
{"case": "dense_same_sequence_future", "sequence": "V103", "condition": "drop50", "model": "Zero", "runs": 1, "n": 119, "before_m": 1.1401495795862606, "after_m_mean": 1.1401495795862606, "gain_pct_mean": 0.0, "gain_pct_std": 0.0, "r2_mean": -0.012808611091502886}
{"case": "dense_same_sequence_future", "sequence": "V103", "condition": "nominal", "model": "Mean", "runs": 1, "n": 268, "before_m": 1.2771386185040177, "after_m_mean": 1.2768675969209344, "gain_pct_mean": 0.021220999753390757, "gain_pct_std": 0.0, "r2_mean": -0.009600555183689075}
{"case": "dense_same_sequence_future", "sequence": "V103", "condition": "drop25", "model": "Mean", "runs": 1, "n": 194, "before_m": 1.2656376121041237, "after_m_mean": 1.2642598218069525, "gain_pct_mean": 0.10886135841685629, "gain_pct_std": 0.0, "r2_mean": -0.013773635004322493}
{"case": "dense_same_sequence_future", "sequence": "V103", "condition": "drop50", "model": "Mean", "runs": 1, "n": 119, "before_m": 1.1401495795862606, "after_m_mean": 1.1426186856449227, "gain_pct_mean": -0.2165598359083809, "gain_pct_std": 0.0, "r2_mean": -0.017200034310279833}
{"case": "dense_same_sequence_future", "sequence": "V103", "condition": "nominal", "model": "Ridge", "runs": 1, "n": 268, "before_m": 1.2771386185040177, "after_m_mean": 0.664002915686512, "gain_pct_mean": 48.008547696702266, "gain_pct_std": 0.0, "r2_mean": 0.7269778882506752}
{"case": "dense_same_sequence_future", "sequence": "V103", "condition": "drop25", "model": "Ridge", "runs": 1, "n": 194, "before_m": 1.2656376121041237, "after_m_mean": 1.0106133945917242, "gain_pct_mean": 20.149860834842094, "gain_pct_std": 0.0, "r2_mean": 0.35220376437588785}
{"case": "dense_same_sequence_future", "sequence": "V103", "condition": "drop50", "model": "Ridge", "runs": 1, "n": 119, "before_m": 1.1401495795862606, "after_m_mean": 1.2938267548180709, "gain_pct_mean": -13.47868542718551, "gain_pct_std": 0.0, "r2_mean": -0.30423538090479907}
{"case": "dense_same_sequence_future", "sequence": "V103", "condition": "nominal", "model": "DenseCfC_fixed", "runs": 3, "n": 268, "before_m": 1.2771386185040177, "after_m_mean": 1.2585499311629027, "gain_pct_mean": 1.455494890827824, "gain_pct_std": 5.626615749214385, "r2_mean": 0.015961057253054706}
{"case": "dense_same_sequence_future", "sequence": "V103", "condition": "drop25", "model": "DenseCfC_fixed", "runs": 3, "n": 194, "before_m": 1.2656376121041237, "after_m_mean": 1.2499637934243637, "gain_pct_mean": 1.2384128387036732, "gain_pct_std": 4.04127616812816, "r2_mean": 0.007364588925286871}
{"case": "dense_same_sequence_future", "sequence": "V103", "condition": "drop50", "model": "DenseCfC_fixed", "runs": 3, "n": 119, "before_m": 1.1401495795862606, "after_m_mean": 1.1041745330521682, "gain_pct_mean": 3.155291829967355, "gain_pct_std": 1.6394161467854964, "r2_mean": 0.049824973809162655}
{"case": "dense_same_sequence_future", "sequence": "V103", "condition": "nominal", "model": "DenseCfC_time", "runs": 3, "n": 268, "before_m": 1.2771386185040177, "after_m_mean": 1.2732223151238304, "gain_pct_mean": 0.3066466962509155, "gain_pct_std": 3.8945226185467874, "r2_mean": -0.005376183762482241}
{"case": "dense_same_sequence_future", "sequence": "V103", "condition": "drop25", "model": "DenseCfC_time", "runs": 3, "n": 194, "before_m": 1.2656376121041237, "after_m_mean": 1.2703638653294498, "gain_pct_mean": -0.3734286323451334, "gain_pct_std": 2.8127884421739093, "r2_mean": -0.024390405927172527}
{"case": "dense_same_sequence_future", "sequence": "V103", "condition": "drop50", "model": "DenseCfC_time", "runs": 3, "n": 119, "before_m": 1.1401495795862606, "after_m_mean": 1.1370817104044442, "gain_pct_mean": 0.26907602622890936, "gain_pct_std": 2.9487009763517174, "r2_mean": -0.008246114314952738}
VERIFIED_PREDICTION_FILES 207
