DATA V101 {"n": 2782, "scale": 2.0668529838232352, "gravity_norm": 9.81, "rows": {"nominal": 2185, "drop50": 549}, "rms_m": 0.025581855326890945}
DATA V102 {"n": 1594, "scale": 0.26954623556684926, "gravity_norm": 9.81, "rows": {"nominal": 1235, "drop50": 328}, "rms_m": 0.03157004714012146}
DATA V201 {"n": 2075, "scale": 3.186298395012099, "gravity_norm": 9.81, "rows": {"nominal": 1619, "drop50": 411}, "rms_m": 0.016023123636841774}
DATA V103 {"n": 1932, "scale": 1.6301947726040633, "gravity_norm": 9.81, "rows": {"nominal": 1505, "drop50": 380}, "rms_m": 0.043433938175439835}
DATA V202 {"n": 2266, "scale": 0.821397697282821, "gravity_norm": 9.810000000000002, "rows": {"nominal": 1772, "drop50": 443}, "rms_m": 0.0338282510638237}
{"model": "Zero", "seed": -1, "test": "V103_future_nominal", "n": 412, "before_m": 0.03756985933389569, "after_m": 0.03756985933389569, "gain_pct": 0.0, "coverage_pct": 0.0, "mean_gate": 0.0, "harmful_used_pct": 0}
{"model": "Zero", "seed": -1, "test": "V103_future_drop50", "n": 82, "before_m": 0.03214826518131095, "after_m": 0.03214826518131095, "gain_pct": 0.0, "coverage_pct": 0.0, "mean_gate": 0.0, "harmful_used_pct": 0}
{"model": "Zero", "seed": -1, "test": "V202_independent_nominal", "n": 1772, "before_m": 0.03382825359692189, "after_m": 0.03382825359692189, "gain_pct": 0.0, "coverage_pct": 0.0, "mean_gate": 0.0, "harmful_used_pct": 0}
{"model": "Zero", "seed": -1, "test": "V202_independent_drop50", "n": 443, "before_m": 0.029996313775657136, "after_m": 0.029996313775657136, "gain_pct": 0.0, "coverage_pct": 0.0, "mean_gate": 0.0, "harmful_used_pct": 0}
{"model": "Always", "seed": -1, "test": "V103_future_nominal", "n": 412, "before_m": 0.03756985933389569, "after_m": 0.03995104422331556, "gain_pct": -6.338019177174692, "coverage_pct": 100.0, "mean_gate": 1.0, "harmful_used_pct": 47.81553398058252}
{"model": "Always", "seed": -1, "test": "V103_future_drop50", "n": 82, "before_m": 0.03214826518131095, "after_m": 0.03814465681940068, "gain_pct": -18.65230240036613, "coverage_pct": 100.0, "mean_gate": 1.0, "harmful_used_pct": 71.95121951219512}
{"model": "Always", "seed": -1, "test": "V202_independent_nominal", "n": 1772, "before_m": 0.03382825359692189, "after_m": 0.039330124702362135, "gain_pct": -16.264129892714507, "coverage_pct": 100.0, "mean_gate": 1.0, "harmful_used_pct": 76.0158013544018}
{"model": "Always", "seed": -1, "test": "V202_independent_drop50", "n": 443, "before_m": 0.029996313775657136, "after_m": 0.039065249739472695, "gain_pct": -30.23350146168713, "coverage_pct": 100.0, "mean_gate": 1.0, "harmful_used_pct": 88.26185101580135}
{"model": "Oracle_GT_only", "seed": -1, "test": "V103_future_nominal", "n": 412, "before_m": 0.03756985933389569, "after_m": 0.03160726586484394, "gain_pct": 15.870683507383465, "coverage_pct": 77.18446601941747, "mean_gate": 0.5336561320526919, "harmful_used_pct": 0.0}
{"model": "Oracle_GT_only", "seed": -1, "test": "V103_future_drop50", "n": 82, "before_m": 0.03214826518131095, "after_m": 0.02727026123498483, "gain_pct": 15.17345934163158, "coverage_pct": 67.07317073170732, "mean_gate": 0.33401657748708385, "harmful_used_pct": 0.0}
{"model": "Oracle_GT_only", "seed": -1, "test": "V202_independent_nominal", "n": 1772, "before_m": 0.03382825359692189, "after_m": 0.02899416754236616, "gain_pct": 14.290084590697273, "coverage_pct": 54.85327313769752, "mean_gate": 0.2788909911753266, "harmful_used_pct": 0.0}
{"model": "Oracle_GT_only", "seed": -1, "test": "V202_independent_drop50", "n": 443, "before_m": 0.029996313775657136, "after_m": 0.027081573695575293, "gain_pct": 9.716994234295672, "coverage_pct": 55.53047404063205, "mean_gate": 0.20425974535163297, "harmful_used_pct": 0.0}
{"model": "Threshold", "seed": -1, "test": "V103_future_nominal", "n": 412, "before_m": 0.03756985933389569, "after_m": 0.03995104422331556, "gain_pct": -6.338019177174692, "coverage_pct": 100.0, "mean_gate": 1.0, "harmful_used_pct": 47.81553398058252, "threshold": 0}
{"model": "Threshold", "seed": -1, "test": "V103_future_drop50", "n": 82, "before_m": 0.03214826518131095, "after_m": 0.03814465681940068, "gain_pct": -18.65230240036613, "coverage_pct": 100.0, "mean_gate": 1.0, "harmful_used_pct": 71.95121951219512, "threshold": 0}
{"model": "Threshold", "seed": -1, "test": "V202_independent_nominal", "n": 1772, "before_m": 0.03382825359692189, "after_m": 0.039330124702362135, "gain_pct": -16.264129892714507, "coverage_pct": 100.0, "mean_gate": 1.0, "harmful_used_pct": 76.0158013544018, "threshold": 0}
{"model": "Threshold", "seed": -1, "test": "V202_independent_drop50", "n": 443, "before_m": 0.029996313775657136, "after_m": 0.039065249739472695, "gain_pct": -30.23350146168713, "coverage_pct": 100.0, "mean_gate": 1.0, "harmful_used_pct": 88.26185101580135, "threshold": 0}
PROGRESS MLP 0 10 0.8558147076749588
{"model": "MLP", "seed": 0, "test": "V103_future_nominal", "n": 412, "before_m": 0.03756985933389569, "after_m": 0.036057040797223966, "gain_pct": 4.026681396985843, "coverage_pct": 100.0, "mean_gate": 0.5814386606216431, "harmful_used_pct": 34.95145631067961, "best_epoch": 1, "epochs_run": 13, "seconds": 1.3628852367401123, "parameters": 3025}
{"model": "MLP", "seed": 0, "test": "V103_future_drop50", "n": 82, "before_m": 0.03214826518131095, "after_m": 0.032029856513268604, "gain_pct": 0.36832055283400056, "coverage_pct": 100.0, "mean_gate": 0.5928276777267456, "harmful_used_pct": 51.21951219512195, "best_epoch": 1, "epochs_run": 13, "seconds": 1.3628852367401123, "parameters": 3025}
{"model": "MLP", "seed": 0, "test": "V202_independent_nominal", "n": 1772, "before_m": 0.03382825359692189, "after_m": 0.03467982575148141, "gain_pct": -2.5173399865874524, "coverage_pct": 100.0, "mean_gate": 0.5916311144828796, "harmful_used_pct": 63.71331828442438, "best_epoch": 1, "epochs_run": 13, "seconds": 1.3628852367401123, "parameters": 3025}
{"model": "MLP", "seed": 0, "test": "V202_independent_drop50", "n": 443, "before_m": 0.029996313775657136, "after_m": 0.03296069614163013, "gain_pct": -9.882488855609562, "coverage_pct": 100.0, "mean_gate": 0.5977128744125366, "harmful_used_pct": 73.13769751693002, "best_epoch": 1, "epochs_run": 13, "seconds": 1.3628852367401123, "parameters": 3025}
{"model": "MLP_conservative", "seed": 0, "test": "V103_future_nominal", "n": 412, "before_m": 0.03756985933389569, "after_m": 0.036057040797223966, "gain_pct": 4.026681396985843, "coverage_pct": 100.0, "mean_gate": 0.5814386606216431, "harmful_used_pct": 34.95145631067961, "gate_cutoff": 0}
{"model": "MLP_conservative", "seed": 0, "test": "V103_future_drop50", "n": 82, "before_m": 0.03214826518131095, "after_m": 0.032029856513268604, "gain_pct": 0.36832055283400056, "coverage_pct": 100.0, "mean_gate": 0.5928276777267456, "harmful_used_pct": 51.21951219512195, "gate_cutoff": 0}
{"model": "MLP_conservative", "seed": 0, "test": "V202_independent_nominal", "n": 1772, "before_m": 0.03382825359692189, "after_m": 0.03467982575148141, "gain_pct": -2.5173399865874524, "coverage_pct": 100.0, "mean_gate": 0.5916311144828796, "harmful_used_pct": 63.71331828442438, "gate_cutoff": 0}
{"model": "MLP_conservative", "seed": 0, "test": "V202_independent_drop50", "n": 443, "before_m": 0.029996313775657136, "after_m": 0.03296069614163013, "gain_pct": -9.882488855609562, "coverage_pct": 100.0, "mean_gate": 0.5977128744125366, "harmful_used_pct": 73.13769751693002, "gate_cutoff": 0}
PROGRESS MLP 1 10 0.8510955762739694
{"model": "MLP", "seed": 1, "test": "V103_future_nominal", "n": 412, "before_m": 0.03756985933389569, "after_m": 0.036050172299359445, "gain_pct": 4.044963333586882, "coverage_pct": 100.0, "mean_gate": 0.5397910475730896, "harmful_used_pct": 34.46601941747573, "best_epoch": 5, "epochs_run": 17, "seconds": 0.3746452331542969, "parameters": 3025}
{"model": "MLP", "seed": 1, "test": "V103_future_drop50", "n": 82, "before_m": 0.03214826518131095, "after_m": 0.031605469865470914, "gain_pct": 1.6884124626282526, "coverage_pct": 100.0, "mean_gate": 0.5534188747406006, "harmful_used_pct": 48.78048780487805, "best_epoch": 5, "epochs_run": 17, "seconds": 0.3746452331542969, "parameters": 3025}
{"model": "MLP", "seed": 1, "test": "V202_independent_nominal", "n": 1772, "before_m": 0.03382825359692189, "after_m": 0.03451273522695219, "gain_pct": -2.0234022074748337, "coverage_pct": 100.0, "mean_gate": 0.5429980158805847, "harmful_used_pct": 62.1331828442438, "best_epoch": 5, "epochs_run": 17, "seconds": 0.3746452331542969, "parameters": 3025}
{"model": "MLP", "seed": 1, "test": "V202_independent_drop50", "n": 443, "before_m": 0.029996313775657136, "after_m": 0.03220043648533633, "gain_pct": -7.347978575513858, "coverage_pct": 100.0, "mean_gate": 0.5452871918678284, "harmful_used_pct": 70.20316027088036, "best_epoch": 5, "epochs_run": 17, "seconds": 0.3746452331542969, "parameters": 3025}
{"model": "MLP_conservative", "seed": 1, "test": "V103_future_nominal", "n": 412, "before_m": 0.03756985933389569, "after_m": 0.036050172299359445, "gain_pct": 4.044963333586882, "coverage_pct": 100.0, "mean_gate": 0.5397910475730896, "harmful_used_pct": 34.46601941747573, "gate_cutoff": 0}
{"model": "MLP_conservative", "seed": 1, "test": "V103_future_drop50", "n": 82, "before_m": 0.03214826518131095, "after_m": 0.031605469865470914, "gain_pct": 1.6884124626282526, "coverage_pct": 100.0, "mean_gate": 0.5534188747406006, "harmful_used_pct": 48.78048780487805, "gate_cutoff": 0}
{"model": "MLP_conservative", "seed": 1, "test": "V202_independent_nominal", "n": 1772, "before_m": 0.03382825359692189, "after_m": 0.03451273522695219, "gain_pct": -2.0234022074748337, "coverage_pct": 100.0, "mean_gate": 0.5429980158805847, "harmful_used_pct": 62.1331828442438, "gate_cutoff": 0}
{"model": "MLP_conservative", "seed": 1, "test": "V202_independent_drop50", "n": 443, "before_m": 0.029996313775657136, "after_m": 0.03220043648533633, "gain_pct": -7.347978575513858, "coverage_pct": 100.0, "mean_gate": 0.5452871918678284, "harmful_used_pct": 70.20316027088036, "gate_cutoff": 0}
PROGRESS MLP 2 10 0.8537612876664007
{"model": "MLP", "seed": 2, "test": "V103_future_nominal", "n": 412, "before_m": 0.03756985933389569, "after_m": 0.03581143210508398, "gain_pct": 4.6804200494444, "coverage_pct": 100.0, "mean_gate": 0.5137103796005249, "harmful_used_pct": 34.22330097087379, "best_epoch": 4, "epochs_run": 16, "seconds": 0.35762739181518555, "parameters": 3025}
{"model": "MLP", "seed": 2, "test": "V103_future_drop50", "n": 82, "before_m": 0.03214826518131095, "after_m": 0.03146133850592628, "gain_pct": 2.136745704660936, "coverage_pct": 100.0, "mean_gate": 0.5034635066986084, "harmful_used_pct": 47.5609756097561, "best_epoch": 4, "epochs_run": 16, "seconds": 0.35762739181518555, "parameters": 3025}
{"model": "MLP", "seed": 2, "test": "V202_independent_nominal", "n": 1772, "before_m": 0.03382825359692189, "after_m": 0.03444778470779689, "gain_pct": -1.8314014026765468, "coverage_pct": 100.0, "mean_gate": 0.5360218286514282, "harmful_used_pct": 62.07674943566591, "best_epoch": 4, "epochs_run": 16, "seconds": 0.35762739181518555, "parameters": 3025}
{"model": "MLP", "seed": 2, "test": "V202_independent_drop50", "n": 443, "before_m": 0.029996313775657136, "after_m": 0.032159639903667894, "gain_pct": -7.211973258415361, "coverage_pct": 100.0, "mean_gate": 0.5323283672332764, "harmful_used_pct": 69.52595936794582, "best_epoch": 4, "epochs_run": 16, "seconds": 0.35762739181518555, "parameters": 3025}
{"model": "MLP_conservative", "seed": 2, "test": "V103_future_nominal", "n": 412, "before_m": 0.03756985933389569, "after_m": 0.03581143210508398, "gain_pct": 4.6804200494444, "coverage_pct": 100.0, "mean_gate": 0.5137103796005249, "harmful_used_pct": 34.22330097087379, "gate_cutoff": 0}
{"model": "MLP_conservative", "seed": 2, "test": "V103_future_drop50", "n": 82, "before_m": 0.03214826518131095, "after_m": 0.03146133850592628, "gain_pct": 2.136745704660936, "coverage_pct": 100.0, "mean_gate": 0.5034635066986084, "harmful_used_pct": 47.5609756097561, "gate_cutoff": 0}
{"model": "MLP_conservative", "seed": 2, "test": "V202_independent_nominal", "n": 1772, "before_m": 0.03382825359692189, "after_m": 0.03444778470779689, "gain_pct": -1.8314014026765468, "coverage_pct": 100.0, "mean_gate": 0.5360218286514282, "harmful_used_pct": 62.07674943566591, "gate_cutoff": 0}
{"model": "MLP_conservative", "seed": 2, "test": "V202_independent_drop50", "n": 443, "before_m": 0.029996313775657136, "after_m": 0.032159639903667894, "gain_pct": -7.211973258415361, "coverage_pct": 100.0, "mean_gate": 0.5323283672332764, "harmful_used_pct": 69.52595936794582, "gate_cutoff": 0}
PROGRESS GRU 0 10 0.8598615275524736
{"model": "GRU", "seed": 0, "test": "V103_future_nominal", "n": 412, "before_m": 0.03756985933389569, "after_m": 0.0363796110573437, "gain_pct": 3.1680935134035693, "coverage_pct": 100.0, "mean_gate": 0.5516866445541382, "harmful_used_pct": 34.70873786407767, "best_epoch": 2, "epochs_run": 14, "seconds": 0.6095466613769531, "parameters": 16177}
{"model": "GRU", "seed": 0, "test": "V103_future_drop50", "n": 82, "before_m": 0.03214826518131095, "after_m": 0.0321961802847971, "gain_pct": -0.1490441341575277, "coverage_pct": 100.0, "mean_gate": 0.5527178645133972, "harmful_used_pct": 50.0, "best_epoch": 2, "epochs_run": 14, "seconds": 0.6095466613769531, "parameters": 16177}
{"model": "GRU", "seed": 0, "test": "V202_independent_nominal", "n": 1772, "before_m": 0.03382825359692189, "after_m": 0.03468313973109193, "gain_pct": -2.5271364710587108, "coverage_pct": 100.0, "mean_gate": 0.5539231896400452, "harmful_used_pct": 62.92325056433409, "best_epoch": 2, "epochs_run": 14, "seconds": 0.6095466613769531, "parameters": 16177}
{"model": "GRU", "seed": 0, "test": "V202_independent_drop50", "n": 443, "before_m": 0.029996313775657136, "after_m": 0.03248353695531262, "gain_pct": -8.291762775444544, "coverage_pct": 100.0, "mean_gate": 0.5569351315498352, "harmful_used_pct": 71.78329571106094, "best_epoch": 2, "epochs_run": 14, "seconds": 0.6095466613769531, "parameters": 16177}
{"model": "GRU_conservative", "seed": 0, "test": "V103_future_nominal", "n": 412, "before_m": 0.03756985933389569, "after_m": 0.0363796110573437, "gain_pct": 3.1680935134035693, "coverage_pct": 100.0, "mean_gate": 0.5516866445541382, "harmful_used_pct": 34.70873786407767, "gate_cutoff": 0}
{"model": "GRU_conservative", "seed": 0, "test": "V103_future_drop50", "n": 82, "before_m": 0.03214826518131095, "after_m": 0.0321961802847971, "gain_pct": -0.1490441341575277, "coverage_pct": 100.0, "mean_gate": 0.5527178645133972, "harmful_used_pct": 50.0, "gate_cutoff": 0}
{"model": "GRU_conservative", "seed": 0, "test": "V202_independent_nominal", "n": 1772, "before_m": 0.03382825359692189, "after_m": 0.03468313973109193, "gain_pct": -2.5271364710587108, "coverage_pct": 100.0, "mean_gate": 0.5539231896400452, "harmful_used_pct": 62.92325056433409, "gate_cutoff": 0}
{"model": "GRU_conservative", "seed": 0, "test": "V202_independent_drop50", "n": 443, "before_m": 0.029996313775657136, "after_m": 0.03248353695531262, "gain_pct": -8.291762775444544, "coverage_pct": 100.0, "mean_gate": 0.5569351315498352, "harmful_used_pct": 71.78329571106094, "gate_cutoff": 0}
PROGRESS GRU 1 10 0.8530328677049897
{"model": "GRU", "seed": 1, "test": "V103_future_nominal", "n": 412, "before_m": 0.03756985933389569, "after_m": 0.03592364465191641, "gain_pct": 4.38174300134806, "coverage_pct": 100.0, "mean_gate": 0.5482059717178345, "harmful_used_pct": 34.22330097087379, "best_epoch": 2, "epochs_run": 14, "seconds": 0.4572463035583496, "parameters": 16177}
{"model": "GRU", "seed": 1, "test": "V103_future_drop50", "n": 82, "before_m": 0.03214826518131095, "after_m": 0.031675043793680184, "gain_pct": 1.4719966535110762, "coverage_pct": 100.0, "mean_gate": 0.5446141362190247, "harmful_used_pct": 51.21951219512195, "best_epoch": 2, "epochs_run": 14, "seconds": 0.4572463035583496, "parameters": 16177}
{"model": "GRU", "seed": 1, "test": "V202_independent_nominal", "n": 1772, "before_m": 0.03382825359692189, "after_m": 0.03439835477741422, "gain_pct": -1.685281147780593, "coverage_pct": 100.0, "mean_gate": 0.542314887046814, "harmful_used_pct": 62.75395033860045, "best_epoch": 2, "epochs_run": 14, "seconds": 0.4572463035583496, "parameters": 16177}
{"model": "GRU", "seed": 1, "test": "V202_independent_drop50", "n": 443, "before_m": 0.029996313775657136, "after_m": 0.03213260317611944, "gain_pct": -7.1218397581771065, "coverage_pct": 100.0, "mean_gate": 0.5318705439567566, "harmful_used_pct": 70.42889390519187, "best_epoch": 2, "epochs_run": 14, "seconds": 0.4572463035583496, "parameters": 16177}
{"model": "GRU_conservative", "seed": 1, "test": "V103_future_nominal", "n": 412, "before_m": 0.03756985933389569, "after_m": 0.03592364465191641, "gain_pct": 4.38174300134806, "coverage_pct": 100.0, "mean_gate": 0.5482059717178345, "harmful_used_pct": 34.22330097087379, "gate_cutoff": 0}
{"model": "GRU_conservative", "seed": 1, "test": "V103_future_drop50", "n": 82, "before_m": 0.03214826518131095, "after_m": 0.031675043793680184, "gain_pct": 1.4719966535110762, "coverage_pct": 100.0, "mean_gate": 0.5446141362190247, "harmful_used_pct": 51.21951219512195, "gate_cutoff": 0}
{"model": "GRU_conservative", "seed": 1, "test": "V202_independent_nominal", "n": 1772, "before_m": 0.03382825359692189, "after_m": 0.03439835477741422, "gain_pct": -1.685281147780593, "coverage_pct": 100.0, "mean_gate": 0.542314887046814, "harmful_used_pct": 62.75395033860045, "gate_cutoff": 0}
{"model": "GRU_conservative", "seed": 1, "test": "V202_independent_drop50", "n": 443, "before_m": 0.029996313775657136, "after_m": 0.03213260317611944, "gain_pct": -7.1218397581771065, "coverage_pct": 100.0, "mean_gate": 0.5318705439567566, "harmful_used_pct": 70.42889390519187, "gate_cutoff": 0}
PROGRESS GRU 2 10 0.8561049542581747
{"model": "GRU", "seed": 2, "test": "V103_future_nominal", "n": 412, "before_m": 0.03756985933389569, "after_m": 0.035999917410737894, "gain_pct": 4.1787271791603136, "coverage_pct": 100.0, "mean_gate": 0.5754721164703369, "harmful_used_pct": 34.95145631067961, "best_epoch": 4, "epochs_run": 16, "seconds": 0.5433101654052734, "parameters": 16177}
{"model": "GRU", "seed": 2, "test": "V103_future_drop50", "n": 82, "before_m": 0.03214826518131095, "after_m": 0.03191952006472381, "gain_pct": 0.7115317585476344, "coverage_pct": 100.0, "mean_gate": 0.5720089077949524, "harmful_used_pct": 50.0, "best_epoch": 4, "epochs_run": 16, "seconds": 0.5433101654052734, "parameters": 16177}
{"model": "GRU", "seed": 2, "test": "V202_independent_nominal", "n": 1772, "before_m": 0.03382825359692189, "after_m": 0.03433921034763204, "gain_pct": -1.5104437751898736, "coverage_pct": 100.0, "mean_gate": 0.5827707648277283, "harmful_used_pct": 64.27765237020317, "best_epoch": 4, "epochs_run": 16, "seconds": 0.5433101654052734, "parameters": 16177}
{"model": "GRU", "seed": 2, "test": "V202_independent_drop50", "n": 443, "before_m": 0.029996313775657136, "after_m": 0.03225379673116661, "gain_pct": -7.525867919615781, "coverage_pct": 100.0, "mean_gate": 0.5729430317878723, "harmful_used_pct": 71.55756207674943, "best_epoch": 4, "epochs_run": 16, "seconds": 0.5433101654052734, "parameters": 16177}
{"model": "GRU_conservative", "seed": 2, "test": "V103_future_nominal", "n": 412, "before_m": 0.03756985933389569, "after_m": 0.035999917410737894, "gain_pct": 4.1787271791603136, "coverage_pct": 100.0, "mean_gate": 0.5754721164703369, "harmful_used_pct": 34.95145631067961, "gate_cutoff": 0}
{"model": "GRU_conservative", "seed": 2, "test": "V103_future_drop50", "n": 82, "before_m": 0.03214826518131095, "after_m": 0.03191952006472381, "gain_pct": 0.7115317585476344, "coverage_pct": 100.0, "mean_gate": 0.5720089077949524, "harmful_used_pct": 50.0, "gate_cutoff": 0}
{"model": "GRU_conservative", "seed": 2, "test": "V202_independent_nominal", "n": 1772, "before_m": 0.03382825359692189, "after_m": 0.03433921034763204, "gain_pct": -1.5104437751898736, "coverage_pct": 100.0, "mean_gate": 0.5827707648277283, "harmful_used_pct": 64.27765237020317, "gate_cutoff": 0}
{"model": "GRU_conservative", "seed": 2, "test": "V202_independent_drop50", "n": 443, "before_m": 0.029996313775657136, "after_m": 0.03225379673116661, "gain_pct": -7.525867919615781, "coverage_pct": 100.0, "mean_gate": 0.5729430317878723, "harmful_used_pct": 71.55756207674943, "gate_cutoff": 0}
PROGRESS CfC_fixed 0 10 0.859416153316507
{"model": "CfC_fixed", "seed": 0, "test": "V103_future_nominal", "n": 412, "before_m": 0.03756985933389569, "after_m": 0.03587501230292383, "gain_pct": 4.511188120001197, "coverage_pct": 100.0, "mean_gate": 0.5459113717079163, "harmful_used_pct": 34.46601941747573, "best_epoch": 1, "epochs_run": 13, "seconds": 5.058794975280762, "parameters": 17089}
{"model": "CfC_fixed", "seed": 0, "test": "V103_future_drop50", "n": 82, "before_m": 0.03214826518131095, "after_m": 0.03164344664189473, "gain_pct": 1.5702823669306087, "coverage_pct": 100.0, "mean_gate": 0.547732949256897, "harmful_used_pct": 52.4390243902439, "best_epoch": 1, "epochs_run": 13, "seconds": 5.058794975280762, "parameters": 17089}
{"model": "CfC_fixed", "seed": 0, "test": "V202_independent_nominal", "n": 1772, "before_m": 0.03382825359692189, "after_m": 0.03456192301706138, "gain_pct": -2.168806669364254, "coverage_pct": 100.0, "mean_gate": 0.5513208508491516, "harmful_used_pct": 62.8668171557562, "best_epoch": 1, "epochs_run": 13, "seconds": 5.058794975280762, "parameters": 17089}
{"model": "CfC_fixed", "seed": 0, "test": "V202_independent_drop50", "n": 443, "before_m": 0.029996313775657136, "after_m": 0.03244663430286046, "gain_pct": -8.16873881747373, "coverage_pct": 100.0, "mean_gate": 0.5573291778564453, "harmful_used_pct": 71.10609480812641, "best_epoch": 1, "epochs_run": 13, "seconds": 5.058794975280762, "parameters": 17089}
{"model": "CfC_fixed_conservative", "seed": 0, "test": "V103_future_nominal", "n": 412, "before_m": 0.03756985933389569, "after_m": 0.03587501230292383, "gain_pct": 4.511188120001197, "coverage_pct": 100.0, "mean_gate": 0.5459113717079163, "harmful_used_pct": 34.46601941747573, "gate_cutoff": 0}
{"model": "CfC_fixed_conservative", "seed": 0, "test": "V103_future_drop50", "n": 82, "before_m": 0.03214826518131095, "after_m": 0.03164344664189473, "gain_pct": 1.5702823669306087, "coverage_pct": 100.0, "mean_gate": 0.547732949256897, "harmful_used_pct": 52.4390243902439, "gate_cutoff": 0}
{"model": "CfC_fixed_conservative", "seed": 0, "test": "V202_independent_nominal", "n": 1772, "before_m": 0.03382825359692189, "after_m": 0.03456192301706138, "gain_pct": -2.168806669364254, "coverage_pct": 100.0, "mean_gate": 0.5513208508491516, "harmful_used_pct": 62.8668171557562, "gate_cutoff": 0}
{"model": "CfC_fixed_conservative", "seed": 0, "test": "V202_independent_drop50", "n": 443, "before_m": 0.029996313775657136, "after_m": 0.03244663430286046, "gain_pct": -8.16873881747373, "coverage_pct": 100.0, "mean_gate": 0.5573291778564453, "harmful_used_pct": 71.10609480812641, "gate_cutoff": 0}
PROGRESS CfC_fixed 1 10 0.8574273439677871
{"model": "CfC_fixed", "seed": 1, "test": "V103_future_nominal", "n": 412, "before_m": 0.03756985933389569, "after_m": 0.03612567612458029, "gain_pct": 3.8439941882147277, "coverage_pct": 100.0, "mean_gate": 0.5436958074569702, "harmful_used_pct": 34.46601941747573, "best_epoch": 2, "epochs_run": 14, "seconds": 5.543193817138672, "parameters": 17089}
{"model": "CfC_fixed", "seed": 1, "test": "V103_future_drop50", "n": 82, "before_m": 0.03214826518131095, "after_m": 0.031964932094574204, "gain_pct": 0.5702736545899922, "coverage_pct": 100.0, "mean_gate": 0.5433715581893921, "harmful_used_pct": 50.0, "best_epoch": 2, "epochs_run": 14, "seconds": 5.543193817138672, "parameters": 17089}
{"model": "CfC_fixed", "seed": 1, "test": "V202_independent_nominal", "n": 1772, "before_m": 0.03382825359692189, "after_m": 0.03422677620141479, "gain_pct": -1.1780761999761191, "coverage_pct": 100.0, "mean_gate": 0.5359050035476685, "harmful_used_pct": 62.41534988713319, "best_epoch": 2, "epochs_run": 14, "seconds": 5.543193817138672, "parameters": 17089}
{"model": "CfC_fixed", "seed": 1, "test": "V202_independent_drop50", "n": 443, "before_m": 0.029996313775657136, "after_m": 0.03205123923199903, "gain_pct": -6.850593281930295, "coverage_pct": 100.0, "mean_gate": 0.5347779989242554, "harmful_used_pct": 69.75169300225733, "best_epoch": 2, "epochs_run": 14, "seconds": 5.543193817138672, "parameters": 17089}
{"model": "CfC_fixed_conservative", "seed": 1, "test": "V103_future_nominal", "n": 412, "before_m": 0.03756985933389569, "after_m": 0.03612567612458029, "gain_pct": 3.8439941882147277, "coverage_pct": 100.0, "mean_gate": 0.5436958074569702, "harmful_used_pct": 34.46601941747573, "gate_cutoff": 0}
{"model": "CfC_fixed_conservative", "seed": 1, "test": "V103_future_drop50", "n": 82, "before_m": 0.03214826518131095, "after_m": 0.031964932094574204, "gain_pct": 0.5702736545899922, "coverage_pct": 100.0, "mean_gate": 0.5433715581893921, "harmful_used_pct": 50.0, "gate_cutoff": 0}
{"model": "CfC_fixed_conservative", "seed": 1, "test": "V202_independent_nominal", "n": 1772, "before_m": 0.03382825359692189, "after_m": 0.03422677620141479, "gain_pct": -1.1780761999761191, "coverage_pct": 100.0, "mean_gate": 0.5359050035476685, "harmful_used_pct": 62.41534988713319, "gate_cutoff": 0}
{"model": "CfC_fixed_conservative", "seed": 1, "test": "V202_independent_drop50", "n": 443, "before_m": 0.029996313775657136, "after_m": 0.03205123923199903, "gain_pct": -6.850593281930295, "coverage_pct": 100.0, "mean_gate": 0.5347779989242554, "harmful_used_pct": 69.75169300225733, "gate_cutoff": 0}
PROGRESS CfC_fixed 2 10 0.8606385501289128
{"model": "CfC_fixed", "seed": 2, "test": "V103_future_nominal", "n": 412, "before_m": 0.03756985933389569, "after_m": 0.036130352026158344, "gain_pct": 3.831548302973331, "coverage_pct": 100.0, "mean_gate": 0.5405895709991455, "harmful_used_pct": 33.980582524271846, "best_epoch": 2, "epochs_run": 14, "seconds": 5.518763303756714, "parameters": 17089}
{"model": "CfC_fixed", "seed": 2, "test": "V103_future_drop50", "n": 82, "before_m": 0.03214826518131095, "after_m": 0.03199851523647511, "gain_pct": 0.46581034463687443, "coverage_pct": 100.0, "mean_gate": 0.5414418578147888, "harmful_used_pct": 48.78048780487805, "best_epoch": 2, "epochs_run": 14, "seconds": 5.518763303756714, "parameters": 17089}
{"model": "CfC_fixed", "seed": 2, "test": "V202_independent_nominal", "n": 1772, "before_m": 0.03382825359692189, "after_m": 0.034490474884652976, "gain_pct": -1.9575982124934166, "coverage_pct": 100.0, "mean_gate": 0.5323299169540405, "harmful_used_pct": 61.963882618510155, "best_epoch": 2, "epochs_run": 14, "seconds": 5.518763303756714, "parameters": 17089}
{"model": "CfC_fixed", "seed": 2, "test": "V202_independent_drop50", "n": 443, "before_m": 0.029996313775657136, "after_m": 0.03206098128354539, "gain_pct": -6.883070777729339, "coverage_pct": 100.0, "mean_gate": 0.5235105752944946, "harmful_used_pct": 68.62302483069978, "best_epoch": 2, "epochs_run": 14, "seconds": 5.518763303756714, "parameters": 17089}
{"model": "CfC_fixed_conservative", "seed": 2, "test": "V103_future_nominal", "n": 412, "before_m": 0.03756985933389569, "after_m": 0.036130352026158344, "gain_pct": 3.831548302973331, "coverage_pct": 100.0, "mean_gate": 0.5405895709991455, "harmful_used_pct": 33.980582524271846, "gate_cutoff": 0}
{"model": "CfC_fixed_conservative", "seed": 2, "test": "V103_future_drop50", "n": 82, "before_m": 0.03214826518131095, "after_m": 0.03199851523647511, "gain_pct": 0.46581034463687443, "coverage_pct": 100.0, "mean_gate": 0.5414418578147888, "harmful_used_pct": 48.78048780487805, "gate_cutoff": 0}
{"model": "CfC_fixed_conservative", "seed": 2, "test": "V202_independent_nominal", "n": 1772, "before_m": 0.03382825359692189, "after_m": 0.034490474884652976, "gain_pct": -1.9575982124934166, "coverage_pct": 100.0, "mean_gate": 0.5323299169540405, "harmful_used_pct": 61.963882618510155, "gate_cutoff": 0}
{"model": "CfC_fixed_conservative", "seed": 2, "test": "V202_independent_drop50", "n": 443, "before_m": 0.029996313775657136, "after_m": 0.03206098128354539, "gain_pct": -6.883070777729339, "coverage_pct": 100.0, "mean_gate": 0.5235105752944946, "harmful_used_pct": 68.62302483069978, "gate_cutoff": 0}
PROGRESS CfC_time 0 10 0.8621384569359503
{"model": "CfC_time", "seed": 0, "test": "V103_future_nominal", "n": 412, "before_m": 0.03756985933389569, "after_m": 0.03587273375541602, "gain_pct": 4.517252948425387, "coverage_pct": 100.0, "mean_gate": 0.5459296703338623, "harmful_used_pct": 34.46601941747573, "best_epoch": 1, "epochs_run": 13, "seconds": 5.258523225784302, "parameters": 17089}
{"model": "CfC_time", "seed": 0, "test": "V103_future_drop50", "n": 82, "before_m": 0.03214826518131095, "after_m": 0.03161763029181587, "gain_pct": 1.6505863893506612, "coverage_pct": 100.0, "mean_gate": 0.5470069050788879, "harmful_used_pct": 52.4390243902439, "best_epoch": 1, "epochs_run": 13, "seconds": 5.258523225784302, "parameters": 17089}
{"model": "CfC_time", "seed": 0, "test": "V202_independent_nominal", "n": 1772, "before_m": 0.03382825359692189, "after_m": 0.03456056204614256, "gain_pct": -2.164783491179989, "coverage_pct": 100.0, "mean_gate": 0.5511416792869568, "harmful_used_pct": 62.8668171557562, "best_epoch": 1, "epochs_run": 13, "seconds": 5.258523225784302, "parameters": 17089}
{"model": "CfC_time", "seed": 0, "test": "V202_independent_drop50", "n": 443, "before_m": 0.029996313775657136, "after_m": 0.032440369014112624, "gain_pct": -8.147851955192277, "coverage_pct": 100.0, "mean_gate": 0.5578106045722961, "harmful_used_pct": 71.33182844243792, "best_epoch": 1, "epochs_run": 13, "seconds": 5.258523225784302, "parameters": 17089}
{"model": "CfC_time_conservative", "seed": 0, "test": "V103_future_nominal", "n": 412, "before_m": 0.03756985933389569, "after_m": 0.03587273375541602, "gain_pct": 4.517252948425387, "coverage_pct": 100.0, "mean_gate": 0.5459296703338623, "harmful_used_pct": 34.46601941747573, "gate_cutoff": 0}
{"model": "CfC_time_conservative", "seed": 0, "test": "V103_future_drop50", "n": 82, "before_m": 0.03214826518131095, "after_m": 0.03161763029181587, "gain_pct": 1.6505863893506612, "coverage_pct": 100.0, "mean_gate": 0.5470069050788879, "harmful_used_pct": 52.4390243902439, "gate_cutoff": 0}
{"model": "CfC_time_conservative", "seed": 0, "test": "V202_independent_nominal", "n": 1772, "before_m": 0.03382825359692189, "after_m": 0.03456056204614256, "gain_pct": -2.164783491179989, "coverage_pct": 100.0, "mean_gate": 0.5511416792869568, "harmful_used_pct": 62.8668171557562, "gate_cutoff": 0}
{"model": "CfC_time_conservative", "seed": 0, "test": "V202_independent_drop50", "n": 443, "before_m": 0.029996313775657136, "after_m": 0.032440369014112624, "gain_pct": -8.147851955192277, "coverage_pct": 100.0, "mean_gate": 0.5578106045722961, "harmful_used_pct": 71.33182844243792, "gate_cutoff": 0}
PROGRESS CfC_time 1 10 0.8588556776824132
{"model": "CfC_time", "seed": 1, "test": "V103_future_nominal", "n": 412, "before_m": 0.03756985933389569, "after_m": 0.03612164108636368, "gain_pct": 3.8547342822373043, "coverage_pct": 100.0, "mean_gate": 0.5431914329528809, "harmful_used_pct": 34.46601941747573, "best_epoch": 2, "epochs_run": 14, "seconds": 6.2487263679504395, "parameters": 17089}
{"model": "CfC_time", "seed": 1, "test": "V103_future_drop50", "n": 82, "before_m": 0.03214826518131095, "after_m": 0.031981804458008425, "gain_pct": 0.5177906875027616, "coverage_pct": 100.0, "mean_gate": 0.5424541234970093, "harmful_used_pct": 50.0, "best_epoch": 2, "epochs_run": 14, "seconds": 6.2487263679504395, "parameters": 17089}
{"model": "CfC_time", "seed": 1, "test": "V202_independent_nominal", "n": 1772, "before_m": 0.03382825359692189, "after_m": 0.03422638572461997, "gain_pct": -1.1769219080653759, "coverage_pct": 100.0, "mean_gate": 0.5356112122535706, "harmful_used_pct": 62.41534988713319, "best_epoch": 2, "epochs_run": 14, "seconds": 6.2487263679504395, "parameters": 17089}
{"model": "CfC_time", "seed": 1, "test": "V202_independent_drop50", "n": 443, "before_m": 0.029996313775657136, "after_m": 0.032048042056034926, "gain_pct": -6.8399347190547966, "coverage_pct": 100.0, "mean_gate": 0.5336667895317078, "harmful_used_pct": 69.3002257336343, "best_epoch": 2, "epochs_run": 14, "seconds": 6.2487263679504395, "parameters": 17089}
{"model": "CfC_time_conservative", "seed": 1, "test": "V103_future_nominal", "n": 412, "before_m": 0.03756985933389569, "after_m": 0.03612164108636368, "gain_pct": 3.8547342822373043, "coverage_pct": 100.0, "mean_gate": 0.5431914329528809, "harmful_used_pct": 34.46601941747573, "gate_cutoff": 0}
{"model": "CfC_time_conservative", "seed": 1, "test": "V103_future_drop50", "n": 82, "before_m": 0.03214826518131095, "after_m": 0.031981804458008425, "gain_pct": 0.5177906875027616, "coverage_pct": 100.0, "mean_gate": 0.5424541234970093, "harmful_used_pct": 50.0, "gate_cutoff": 0}
{"model": "CfC_time_conservative", "seed": 1, "test": "V202_independent_nominal", "n": 1772, "before_m": 0.03382825359692189, "after_m": 0.03422638572461997, "gain_pct": -1.1769219080653759, "coverage_pct": 100.0, "mean_gate": 0.5356112122535706, "harmful_used_pct": 62.41534988713319, "gate_cutoff": 0}
{"model": "CfC_time_conservative", "seed": 1, "test": "V202_independent_drop50", "n": 443, "before_m": 0.029996313775657136, "after_m": 0.032048042056034926, "gain_pct": -6.8399347190547966, "coverage_pct": 100.0, "mean_gate": 0.5336667895317078, "harmful_used_pct": 69.3002257336343, "gate_cutoff": 0}
PROGRESS CfC_time 2 10 0.8619708686199499
{"model": "CfC_time", "seed": 2, "test": "V103_future_nominal", "n": 412, "before_m": 0.03756985933389569, "after_m": 0.036132505119076334, "gain_pct": 3.8258173980507015, "coverage_pct": 100.0, "mean_gate": 0.5398620963096619, "harmful_used_pct": 33.980582524271846, "best_epoch": 2, "epochs_run": 14, "seconds": 5.566741228103638, "parameters": 17089}
{"model": "CfC_time", "seed": 2, "test": "V103_future_drop50", "n": 82, "before_m": 0.03214826518131095, "after_m": 0.03201934491883065, "gain_pct": 0.40101778977250646, "coverage_pct": 100.0, "mean_gate": 0.5452041029930115, "harmful_used_pct": 50.0, "best_epoch": 2, "epochs_run": 14, "seconds": 5.566741228103638, "parameters": 17089}
{"model": "CfC_time", "seed": 2, "test": "V202_independent_nominal", "n": 1772, "before_m": 0.03382825359692189, "after_m": 0.034492481964752415, "gain_pct": -1.96353135974765, "coverage_pct": 100.0, "mean_gate": 0.5317964553833008, "harmful_used_pct": 61.907449209932274, "best_epoch": 2, "epochs_run": 14, "seconds": 5.566741228103638, "parameters": 17089}
{"model": "CfC_time", "seed": 2, "test": "V202_independent_drop50", "n": 443, "before_m": 0.029996313775657136, "after_m": 0.03211012749577294, "gain_pct": -7.046911616957496, "coverage_pct": 100.0, "mean_gate": 0.5276252031326294, "harmful_used_pct": 69.3002257336343, "best_epoch": 2, "epochs_run": 14, "seconds": 5.566741228103638, "parameters": 17089}
{"model": "CfC_time_conservative", "seed": 2, "test": "V103_future_nominal", "n": 412, "before_m": 0.03756985933389569, "after_m": 0.036132505119076334, "gain_pct": 3.8258173980507015, "coverage_pct": 100.0, "mean_gate": 0.5398620963096619, "harmful_used_pct": 33.980582524271846, "gate_cutoff": 0}
{"model": "CfC_time_conservative", "seed": 2, "test": "V103_future_drop50", "n": 82, "before_m": 0.03214826518131095, "after_m": 0.03201934491883065, "gain_pct": 0.40101778977250646, "coverage_pct": 100.0, "mean_gate": 0.5452041029930115, "harmful_used_pct": 50.0, "gate_cutoff": 0}
{"model": "CfC_time_conservative", "seed": 2, "test": "V202_independent_nominal", "n": 1772, "before_m": 0.03382825359692189, "after_m": 0.034492481964752415, "gain_pct": -1.96353135974765, "coverage_pct": 100.0, "mean_gate": 0.5317964553833008, "harmful_used_pct": 61.907449209932274, "gate_cutoff": 0}
{"model": "CfC_time_conservative", "seed": 2, "test": "V202_independent_drop50", "n": 443, "before_m": 0.029996313775657136, "after_m": 0.03211012749577294, "gain_pct": -7.046911616957496, "coverage_pct": 100.0, "mean_gate": 0.5276252031326294, "harmful_used_pct": 69.3002257336343, "gate_cutoff": 0}
COMPLETE 62.98398995399475
