VERIFIED /opt/slam-study/experiments/direction1_gate_20260917 112
{"model": "Always", "test": "V103_future_nominal", "runs": 1, "before_m": 1.5019634390862246, "after_m": 1.0189393061869902, "gain_mean": 32.15951336292847, "gain_std": 0.0, "coverage_mean": 100.0, "mean_gate": 1.0}
{"model": "Always", "test": "V202_independent_nominal", "runs": 1, "before_m": 0.0156353838268325, "after_m": 0.037917714341289, "gain_mean": -142.51220667967814, "gain_std": 0.0, "coverage_mean": 100.0, "mean_gate": 1.0}
{"model": "Oracle_GT_only", "test": "V103_future_nominal", "runs": 1, "before_m": 1.5019634390862246, "after_m": 0.9023849089854243, "gain_mean": 39.9196488075353, "gain_std": 0.0, "coverage_mean": 80.05181347150258, "mean_gate": 0.6696789342211429}
{"model": "Oracle_GT_only", "test": "V202_independent_nominal", "runs": 1, "before_m": 0.0156353838268325, "after_m": 0.01361427665522244, "gain_mean": 12.926495402956206, "gain_std": 0.0, "coverage_mean": 53.29577464788733, "mean_gate": 0.13258236157142694}
{"model": "Threshold", "test": "V103_future_nominal", "runs": 1, "before_m": 1.5019634390862246, "after_m": 1.0197554376225548, "gain_mean": 32.10517572631721, "gain_std": 0.0, "coverage_mean": 77.46113989637306, "mean_gate": 0.7746113989637305}
{"model": "Threshold", "test": "V202_independent_nominal", "runs": 1, "before_m": 0.0156353838268325, "after_m": 0.018383661616061184, "gain_mean": -17.577296596404967, "gain_std": 0.0, "coverage_mean": 6.873239436619719, "mean_gate": 0.06873239436619719}
{"model": "GRU", "test": "V103_future_nominal", "runs": 3, "before_m": 1.5019634390862246, "after_m": 1.1812484657888922, "gain_mean": 21.353047947189125, "gain_std": 1.492105756313022, "coverage_mean": 100.0, "mean_gate": 0.500814805428187}
{"model": "GRU", "test": "V202_independent_nominal", "runs": 3, "before_m": 0.0156353838268325, "after_m": 0.022402836789439804, "gain_mean": -43.28293464080755, "gain_std": 4.8069676369637095, "coverage_mean": 100.0, "mean_gate": 0.49941251675287884}
{"model": "CfC_fixed", "test": "V103_future_nominal", "runs": 3, "before_m": 1.5019634390862246, "after_m": 1.1430356812982112, "gain_mean": 23.8972366735092, "gain_std": 5.14811006843805, "coverage_mean": 100.0, "mean_gate": 0.5688531398773193}
{"model": "CfC_fixed", "test": "V202_independent_nominal", "runs": 3, "before_m": 0.0156353838268325, "after_m": 0.022870123732266115, "gain_mean": -46.271584922768504, "gain_std": 8.855922521154996, "coverage_mean": 100.0, "mean_gate": 0.4650946060816447}
{"model": "CfC_time", "test": "V103_future_nominal", "runs": 3, "before_m": 1.5019634390862246, "after_m": 1.1009207691757807, "gain_mean": 26.701227171976512, "gain_std": 0.790559982888677, "coverage_mean": 100.0, "mean_gate": 0.6888741453488668}
{"model": "CfC_time", "test": "V202_independent_nominal", "runs": 3, "before_m": 0.0156353838268325, "after_m": 0.025195451878282076, "gain_mean": -61.143801503888646, "gain_std": 7.707493830740365, "coverage_mean": 99.94366197183099, "mean_gate": 0.5684619545936584}
{"model": "CfC_time_conservative", "test": "V103_future_nominal", "runs": 3, "before_m": 1.5019634390862246, "after_m": 1.1009270503041841, "gain_mean": 26.700808977482563, "gain_std": 0.7902373947744784, "coverage_mean": 99.74093264248704, "mean_gate": 0.688673198223114}
{"model": "CfC_time_conservative", "test": "V202_independent_nominal", "runs": 3, "before_m": 0.0156353838268325, "after_m": 0.025196641478049342, "gain_mean": -61.15140988613524, "gain_std": 7.7182499746903845, "coverage_mean": 98.3474178403756, "mean_gate": 0.5673021872838339}
VERIFIED /opt/slam-study/experiments/direction1_gate_20260917/quality_gate 112
{"model": "Always", "test": "V103_future_nominal", "runs": 1, "before_m": 0.03756985933389569, "after_m": 0.03995104422331556, "gain_mean": -6.338019177174692, "gain_std": 0.0, "coverage_mean": 100.0, "mean_gate": 1.0}
{"model": "Always", "test": "V202_independent_nominal", "runs": 1, "before_m": 0.03382825359692189, "after_m": 0.039330124702362135, "gain_mean": -16.264129892714507, "gain_std": 0.0, "coverage_mean": 100.0, "mean_gate": 1.0}
{"model": "Oracle_GT_only", "test": "V103_future_nominal", "runs": 1, "before_m": 0.03756985933389569, "after_m": 0.03160726586484394, "gain_mean": 15.870683507383465, "gain_std": 0.0, "coverage_mean": 77.18446601941747, "mean_gate": 0.5336561320526919}
{"model": "Oracle_GT_only", "test": "V202_independent_nominal", "runs": 1, "before_m": 0.03382825359692189, "after_m": 0.02899416754236616, "gain_mean": 14.290084590697273, "gain_std": 0.0, "coverage_mean": 54.85327313769752, "mean_gate": 0.2788909911753266}
{"model": "Threshold", "test": "V103_future_nominal", "runs": 1, "before_m": 0.03756985933389569, "after_m": 0.03995104422331556, "gain_mean": -6.338019177174692, "gain_std": 0.0, "coverage_mean": 100.0, "mean_gate": 1.0}
{"model": "Threshold", "test": "V202_independent_nominal", "runs": 1, "before_m": 0.03382825359692189, "after_m": 0.039330124702362135, "gain_mean": -16.264129892714507, "gain_std": 0.0, "coverage_mean": 100.0, "mean_gate": 1.0}
{"model": "GRU", "test": "V103_future_nominal", "runs": 3, "before_m": 0.03756985933389569, "after_m": 0.036101057706666, "gain_mean": 3.9095212313039807, "gain_std": 0.5307793965279742, "coverage_mean": 100.0, "mean_gate": 0.5584549109141032}
{"model": "GRU", "test": "V202_independent_nominal", "runs": 3, "before_m": 0.03382825359692189, "after_m": 0.0344735682853794, "gain_mean": -1.9076204646763923, "gain_std": 0.44384087864648747, "coverage_mean": 100.0, "mean_gate": 0.5596696138381958}
{"model": "CfC_fixed", "test": "V103_future_nominal", "runs": 3, "before_m": 0.03756985933389569, "after_m": 0.03604368015122082, "gain_mean": 4.062243537063085, "gain_std": 0.3174924187304498, "coverage_mean": 100.0, "mean_gate": 0.543398916721344}
{"model": "CfC_fixed", "test": "V202_independent_nominal", "runs": 3, "before_m": 0.03382825359692189, "after_m": 0.03442639136770972, "gain_mean": -1.7681603606112632, "gain_std": 0.4260686490365936, "coverage_mean": 100.0, "mean_gate": 0.5398519237836202}
{"model": "CfC_time", "test": "V103_future_nominal", "runs": 3, "before_m": 0.03756985933389569, "after_m": 0.03604229332028535, "gain_mean": 4.065934876237797, "gain_std": 0.31934834508219706, "coverage_mean": 100.0, "mean_gate": 0.5429943998654684}
{"model": "CfC_time", "test": "V202_independent_nominal", "runs": 3, "before_m": 0.03382825359692189, "after_m": 0.03442647657850498, "gain_mean": -1.7684122529976716, "gain_std": 0.42624032830678166, "coverage_mean": 100.0, "mean_gate": 0.5395164489746094}
{"model": "CfC_time_conservative", "test": "V103_future_nominal", "runs": 3, "before_m": 0.03756985933389569, "after_m": 0.03604229332028535, "gain_mean": 4.065934876237797, "gain_std": 0.31934834508219706, "coverage_mean": 100.0, "mean_gate": 0.5429943998654684}
{"model": "CfC_time_conservative", "test": "V202_independent_nominal", "runs": 3, "before_m": 0.03382825359692189, "after_m": 0.03442647657850498, "gain_mean": -1.7684122529976716, "gain_std": 0.42624032830678166, "coverage_mean": 100.0, "mean_gate": 0.5395164489746094}
REPEAT_VERIFIED 18
{"model": "Zero", "condition": "nominal", "runs": 1, "before_m": 0.06548613757230867, "after_m": 0.06548613757230867, "gain_mean": 0.0, "gain_std": 0.0}
{"model": "Always", "condition": "nominal", "runs": 1, "before_m": 0.06548613757230867, "after_m": 0.06410250218733499, "gain_mean": 2.1128676026218485, "gain_std": 0.0}
{"model": "FixedHalf", "condition": "nominal", "runs": 1, "before_m": 0.06548613757230867, "after_m": 0.06205403164734731, "gain_mean": 5.240965572556011, "gain_std": 0.0}
{"model": "GRU", "condition": "nominal", "runs": 3, "before_m": 0.06548613757230867, "after_m": 0.061800705629213304, "gain_mean": 5.627804722833097, "gain_std": 0.6164193939856354}
{"model": "CfC_time", "condition": "nominal", "runs": 3, "before_m": 0.06548613757230867, "after_m": 0.06215167766913867, "gain_mean": 5.091856119149111, "gain_std": 0.4845766644633406}
